<?xml version="1.0" encoding="utf-8"?>
<TestRun id="2954eb17-4489-4aa7-aa78-d5115d8310d0" name="test 2025-02-11 17:41:51" runUser="test" xmlns="http://microsoft.com/schemas/VisualStudio/TeamTest/2010">
  <Times creation="2025-02-11T17:41:51.1217283+01:00" queuing="2025-02-11T17:41:51.1217285+01:00" start="2025-02-11T17:41:50.4217287+01:00" finish="2025-02-11T17:41:51.3036908+01:00" />
  <TestSettings name="default" id="9b45e280-aec3-45ad-bc02-bdb5317af809">
    <Deployment runDeploymentRoot="test_2025-02-11_17_41_51" />
  </TestSettings>
  <Results>
    <UnitTestResult executionId="515fb616-3426-4717-8034-4622c298aa60" testId="39a90434-fd84-177a-5e57-b47374dcc1ae" testName="Should_prevent_rateLimit(&quot;4234234&quot;,&quot;1&quot;,&quot;46.453&quot;,&quot;234.456&quot;,&quot;asdgf3w6sdfgsgxcvb&quot;,&quot;guilds/789567345&quot;,&quot;PUT&quot;)" computerName="test" duration="00:00:00.0006660" startTime="2025-02-11T17:41:51.1440363+01:00" endTime="2025-02-11T17:41:51.1447021+01:00" testType="13cdc9d9-ddb5-4fa4-a97d-d965ccfc6d4b" outcome="Passed" testListId="8c84fa94-04c1-424b-9868-57a2d4851a1d" relativeResultsDirectory="515fb616-3426-4717-8034-4622c298aa60" />
    <UnitTestResult executionId="284b8166-978a-4fae-812b-3cd66c2ce260" testId="b0e1d822-906a-3f32-3b89-536813223ce2" testName="GetMayorParameter_should_not_return_mayor_params(&quot;users/123123123&quot;)" computerName="test" duration="00:00:00.0000100" startTime="2025-02-11T17:41:51.1192769+01:00" endTime="2025-02-11T17:41:51.1192866+01:00" testType="13cdc9d9-ddb5-4fa4-a97d-d965ccfc6d4b" outcome="Passed" testListId="8c84fa94-04c1-424b-9868-57a2d4851a1d" relativeResultsDirectory="284b8166-978a-4fae-812b-3cd66c2ce260" />
    <UnitTestResult executionId="05a4bd3a-974d-44e4-bffc-fa0f5e3e86f5" testId="439cb4f3-44be-2183-8937-874cbe0364b9" testName="Should_resolve_IDiscordHttpClient" computerName="test" duration="00:00:00.0537660" startTime="2025-02-11T17:41:51.0513965+01:00" endTime="2025-02-11T17:41:51.1051619+01:00" testType="13cdc9d9-ddb5-4fa4-a97d-d965ccfc6d4b" outcome="Passed" testListId="8c84fa94-04c1-424b-9868-57a2d4851a1d" relativeResultsDirectory="05a4bd3a-974d-44e4-bffc-fa0f5e3e86f5" />
    <UnitTestResult executionId="78204942-dfd3-455e-ac93-56b66acd6b2e" testId="71f4f2b9-241e-dcdc-7475-832e35356d07" testName="Should_resolve_IDiscordRestChannel" computerName="test" duration="00:00:00.0006310" startTime="2025-02-11T17:41:51.1071712+01:00" endTime="2025-02-11T17:41:51.1078017+01:00" testType="13cdc9d9-ddb5-4fa4-a97d-d965ccfc6d4b" outcome="Passed" testListId="8c84fa94-04c1-424b-9868-57a2d4851a1d" relativeResultsDirectory="78204942-dfd3-455e-ac93-56b66acd6b2e" />
    <UnitTestResult executionId="033a7e9d-2c58-4253-bfbb-899984b47e64" testId="4c5d80a4-683e-eaf9-e7ed-079877a51b66" testName="Should_handle_global_rateLimit(&quot;6789&quot;,&quot;guilds/89078967567567&quot;)" computerName="test" duration="00:00:00.0002450" startTime="2025-02-11T17:41:51.1409037+01:00" endTime="2025-02-11T17:41:51.1411485+01:00" testType="13cdc9d9-ddb5-4fa4-a97d-d965ccfc6d4b" outcome="Passed" testListId="8c84fa94-04c1-424b-9868-57a2d4851a1d" relativeResultsDirectory="033a7e9d-2c58-4253-bfbb-899984b47e64" />
    <UnitTestResult executionId="02bf25a9-f39b-4a1d-9771-e2f78f032fbe" testId="c31288ab-ea85-ca05-cdf6-e8fd94e7cfc9" testName="Should_resolve_IDiscordRestApplication" computerName="test" duration="00:00:00.0019510" startTime="2025-02-11T17:41:51.1052007+01:00" endTime="2025-02-11T17:41:51.1071519+01:00" testType="13cdc9d9-ddb5-4fa4-a97d-d965ccfc6d4b" outcome="Passed" testListId="8c84fa94-04c1-424b-9868-57a2d4851a1d" relativeResultsDirectory="02bf25a9-f39b-4a1d-9771-e2f78f032fbe" />
    <UnitTestResult executionId="c5fb9612-4442-413b-8c86-0131c7a6db18" testId="45152e00-536f-8b78-c224-99f2d4d9779a" testName="Should_calculate_permissions(AddReactions, Speak,Stream,AddReactions, Stream, Speak)" computerName="test" duration="00:00:00.0001820" startTime="2025-02-11T17:41:51.2397666+01:00" endTime="2025-02-11T17:41:51.2399479+01:00" testType="13cdc9d9-ddb5-4fa4-a97d-d965ccfc6d4b" outcome="Passed" testListId="8c84fa94-04c1-424b-9868-57a2d4851a1d" relativeResultsDirectory="c5fb9612-4442-413b-8c86-0131c7a6db18" />
    <UnitTestResult executionId="4682c65f-ae46-4f0f-bc04-5802eaf31b95" testId="8a81b129-02c6-c7e2-5665-dd8db205e083" testName="Should_prevent_rateLimit(&quot;2342343&quot;,&quot;1&quot;,&quot;3456.678&quot;,&quot;12323.56&quot;,&quot;kgh567dhncvbne4t&quot;,&quot;guilds/2345345656786789&quot;,&quot;PATCH&quot;)" computerName="test" duration="00:00:00.0007090" startTime="2025-02-11T17:41:51.1447100+01:00" endTime="2025-02-11T17:41:51.1454183+01:00" testType="13cdc9d9-ddb5-4fa4-a97d-d965ccfc6d4b" outcome="Passed" testListId="8c84fa94-04c1-424b-9868-57a2d4851a1d" relativeResultsDirectory="4682c65f-ae46-4f0f-bc04-5802eaf31b95" />
    <UnitTestResult executionId="b0d71ede-a286-44e8-8113-acd6e15f5f4a" testId="ea99cc5e-9148-43c7-c6bd-2cc1ed04c181" testName="Should_successfully_pass_rateLimit_policy(&quot;10&quot;,&quot;5&quot;,&quot;1470173023.123&quot;,&quot;64.57&quot;,&quot;abcd1234&quot;,&quot;guilds/898904567567&quot;,&quot;POST&quot;)" computerName="test" duration="00:00:00.0007739" startTime="2025-02-11T17:41:51.1515495+01:00" endTime="2025-02-11T17:41:51.1523231+01:00" testType="13cdc9d9-ddb5-4fa4-a97d-d965ccfc6d4b" outcome="Passed" testListId="8c84fa94-04c1-424b-9868-57a2d4851a1d" relativeResultsDirectory="b0d71ede-a286-44e8-8113-acd6e15f5f4a" />
    <UnitTestResult executionId="875ced89-ec99-49cd-bba2-9abdb98b978a" testId="b8bac4eb-2fe3-6ca2-0808-3914eee99b1e" testName="Should_successfully_pass_global_rateLimit_policy(&quot;234&quot;,&quot;5&quot;,&quot;645.1&quot;,&quot;64.57&quot;,&quot;asfd4ytvbnt67ig&quot;,&quot;guilds/234123456778&quot;,&quot;GET&quot;)" computerName="test" duration="00:00:00.0012810" startTime="2025-02-11T17:41:51.1460642+01:00" endTime="2025-02-11T17:41:51.1473452+01:00" testType="13cdc9d9-ddb5-4fa4-a97d-d965ccfc6d4b" outcome="Passed" testListId="8c84fa94-04c1-424b-9868-57a2d4851a1d" relativeResultsDirectory="875ced89-ec99-49cd-bba2-9abdb98b978a" />
    <UnitTestResult executionId="0cdfc5f9-39f9-4380-a84a-9b4f548309a1" testId="f7029141-4d62-4ec8-8636-a4c612ca3731" testName="Should_fail_to_parse_rateLimited_global_request(&quot;567657567&quot;)" computerName="test" duration="00:00:00.0001200" startTime="2025-02-11T17:41:51.0471995+01:00" endTime="2025-02-11T17:41:51.0473194+01:00" testType="13cdc9d9-ddb5-4fa4-a97d-d965ccfc6d4b" outcome="Passed" testListId="8c84fa94-04c1-424b-9868-57a2d4851a1d" relativeResultsDirectory="0cdfc5f9-39f9-4380-a84a-9b4f548309a1" />
    <UnitTestResult executionId="24f36919-3ced-4328-80d6-1d16cc4af8dd" testId="520b288c-908a-1d4a-c10a-113a9ac277b7" testName="Should_handle_global_rateLimit(&quot;456456&quot;,&quot;guilds/78908906789678&quot;)" computerName="test" duration="00:00:00.0013320" startTime="2025-02-11T17:41:51.1395506+01:00" endTime="2025-02-11T17:41:51.1408819+01:00" testType="13cdc9d9-ddb5-4fa4-a97d-d965ccfc6d4b" outcome="Passed" testListId="8c84fa94-04c1-424b-9868-57a2d4851a1d" relativeResultsDirectory="24f36919-3ced-4328-80d6-1d16cc4af8dd" />
    <UnitTestResult executionId="410eb871-b865-436b-bfa2-11963d4b9bf5" testId="79bd0389-22b8-6b04-bdec-ced1569fe3c7" testName="Should_handle_global_rateLimit(&quot;3456&quot;,&quot;guilds/8678567434&quot;)" computerName="test" duration="00:00:00.0002190" startTime="2025-02-11T17:41:51.1411579+01:00" endTime="2025-02-11T17:41:51.1413770+01:00" testType="13cdc9d9-ddb5-4fa4-a97d-d965ccfc6d4b" outcome="Passed" testListId="8c84fa94-04c1-424b-9868-57a2d4851a1d" relativeResultsDirectory="410eb871-b865-436b-bfa2-11963d4b9bf5" />
    <UnitTestResult executionId="d3f32b42-b503-4744-9425-0b034c5c3c5d" testId="0acb84e1-793e-d677-755b-996315874fb6" testName="Should_successfully_pass_global_rateLimit_policy(&quot;645645&quot;,&quot;456&quot;,&quot;7892345.345&quot;,&quot;2345.2&quot;,&quot;abxcvb45y4y3457hkhjljk;cd1234&quot;,&quot;guilds/3245234556567567&quot;,&quot;PUT&quot;)" computerName="test" duration="00:00:00.0006890" startTime="2025-02-11T17:41:51.1492219+01:00" endTime="2025-02-11T17:41:51.1499104+01:00" testType="13cdc9d9-ddb5-4fa4-a97d-d965ccfc6d4b" outcome="Passed" testListId="8c84fa94-04c1-424b-9868-57a2d4851a1d" relativeResultsDirectory="d3f32b42-b503-4744-9425-0b034c5c3c5d" />
    <UnitTestResult executionId="42e378f1-3ce8-4e14-86e4-d90b76ae704a" testId="fb1794e5-1b3b-8458-dde7-04d2d042a14a" testName="Should_parse_normal_request(&quot;4234234&quot;,&quot;0&quot;,&quot;3456.453&quot;,&quot;234.456&quot;,&quot;asdgf3w6sdfgsgxcvb&quot;)" computerName="test" duration="00:00:00.0000300" startTime="2025-02-11T17:41:51.0504366+01:00" endTime="2025-02-11T17:41:51.0504666+01:00" testType="13cdc9d9-ddb5-4fa4-a97d-d965ccfc6d4b" outcome="Passed" testListId="8c84fa94-04c1-424b-9868-57a2d4851a1d" relativeResultsDirectory="42e378f1-3ce8-4e14-86e4-d90b76ae704a" />
    <UnitTestResult executionId="e01cd6cc-9339-4423-900d-42807b13a9b2" testId="733bbd14-bd85-4db5-226a-413663a7d4ea" testName="Should_successfully_pass_global_rateLimit_policy(&quot;2342343&quot;,&quot;456&quot;,&quot;5456776.678&quot;,&quot;12323.56&quot;,&quot;kgh567dhncvbne4t&quot;,&quot;guilds/45674235345&quot;,&quot;DELETE&quot;)" computerName="test" duration="00:00:00.0005460" startTime="2025-02-11T17:41:51.1486645+01:00" endTime="2025-02-11T17:41:51.1492104+01:00" testType="13cdc9d9-ddb5-4fa4-a97d-d965ccfc6d4b" outcome="Passed" testListId="8c84fa94-04c1-424b-9868-57a2d4851a1d" relativeResultsDirectory="e01cd6cc-9339-4423-900d-42807b13a9b2" />
    <UnitTestResult executionId="3ac97f3d-79df-4ead-9ee2-525aaf0f7759" testId="6917e932-9647-549b-b5bd-92a93b4115c4" testName="Should_successfully_pass_rateLimit_policy(&quot;234&quot;,&quot;5&quot;,&quot;645.1&quot;,&quot;64.57&quot;,&quot;asfd4ytvbnt67ig&quot;,&quot;guilds/234123456778&quot;,&quot;GET&quot;)" computerName="test" duration="00:00:00.0015940" startTime="2025-02-11T17:41:51.1499472+01:00" endTime="2025-02-11T17:41:51.1515410+01:00" testType="13cdc9d9-ddb5-4fa4-a97d-d965ccfc6d4b" outcome="Passed" testListId="8c84fa94-04c1-424b-9868-57a2d4851a1d" relativeResultsDirectory="3ac97f3d-79df-4ead-9ee2-525aaf0f7759" />
    <UnitTestResult executionId="34b4d8b4-37b8-4e76-9ff3-e8b22a17749b" testId="d544e051-1d3a-c5c8-065d-372d7ab15076" testName="Should_parse_normal_request(&quot;645645&quot;,&quot;456&quot;,&quot;7892345.345&quot;,&quot;2345.2&quot;,&quot;abxcvb45y4y3457hkhjljk;cd1234&quot;)" computerName="test" duration="00:00:00.0000160" startTime="2025-02-11T17:41:51.0504918+01:00" endTime="2025-02-11T17:41:51.0505078+01:00" testType="13cdc9d9-ddb5-4fa4-a97d-d965ccfc6d4b" outcome="Passed" testListId="8c84fa94-04c1-424b-9868-57a2d4851a1d" relativeResultsDirectory="34b4d8b4-37b8-4e76-9ff3-e8b22a17749b" />
    <UnitTestResult executionId="909da228-a21d-4f3a-971f-cb58edccc448" testId="22303adc-205b-a5ec-da8a-c4f0042d2bfd" testName="Should_fail_to_parse_rateLimited_global_request(&quot;643456&quot;)" computerName="test" duration="00:00:00.0000360" startTime="2025-02-11T17:41:51.0471591+01:00" endTime="2025-02-11T17:41:51.0471947+01:00" testType="13cdc9d9-ddb5-4fa4-a97d-d965ccfc6d4b" outcome="Passed" testListId="8c84fa94-04c1-424b-9868-57a2d4851a1d" relativeResultsDirectory="909da228-a21d-4f3a-971f-cb58edccc448" />
    <UnitTestResult executionId="9f353b2e-3fd8-476e-9d11-28fd6f59cbc7" testId="b04960f3-5a7c-538b-1b13-1e4bd7cff677" testName="GetMayorParameter_should_return_mayor_params(&quot;guilds/123123123/channels&quot;,&quot;123123123&quot;)" computerName="test" duration="00:00:00.0001080" startTime="2025-02-11T17:41:51.1194497+01:00" endTime="2025-02-11T17:41:51.1195577+01:00" testType="13cdc9d9-ddb5-4fa4-a97d-d965ccfc6d4b" outcome="Passed" testListId="8c84fa94-04c1-424b-9868-57a2d4851a1d" relativeResultsDirectory="9f353b2e-3fd8-476e-9d11-28fd6f59cbc7" />
    <UnitTestResult executionId="857fc6c0-68c5-4862-839f-f5664439da07" testId="c8c05dfb-8725-095d-54af-cfa43a239efc" testName="GetMayorParameter_should_return_mayor_params(&quot;channels/23098475/followers&quot;,&quot;23098475&quot;)" computerName="test" duration="00:00:00.0000060" startTime="2025-02-11T17:41:51.1195865+01:00" endTime="2025-02-11T17:41:51.1195928+01:00" testType="13cdc9d9-ddb5-4fa4-a97d-d965ccfc6d4b" outcome="Passed" testListId="8c84fa94-04c1-424b-9868-57a2d4851a1d" relativeResultsDirectory="857fc6c0-68c5-4862-839f-f5664439da07" />
    <UnitTestResult executionId="805c9075-96b4-4411-9869-8f7253e50a6c" testId="b9f2e453-1a60-806a-3d87-c1d0f161a8a0" testName="Should_resolve_IDiscordRestGuild" computerName="test" duration="00:00:00.0006970" startTime="2025-02-11T17:41:51.1078199+01:00" endTime="2025-02-11T17:41:51.1085166+01:00" testType="13cdc9d9-ddb5-4fa4-a97d-d965ccfc6d4b" outcome="Passed" testListId="8c84fa94-04c1-424b-9868-57a2d4851a1d" relativeResultsDirectory="805c9075-96b4-4411-9869-8f7253e50a6c" />
    <UnitTestResult executionId="ed8baf69-4b35-4a4a-b55a-64b31b91f4c2" testId="7fd747c0-01ed-47cf-13d1-ba4c7df29d79" testName="GetMayorParameter_should_not_return_mayor_params(&quot;stickers/123456&quot;)" computerName="test" duration="00:00:00.0000040" startTime="2025-02-11T17:41:51.1192905+01:00" endTime="2025-02-11T17:41:51.1192944+01:00" testType="13cdc9d9-ddb5-4fa4-a97d-d965ccfc6d4b" outcome="Passed" testListId="8c84fa94-04c1-424b-9868-57a2d4851a1d" relativeResultsDirectory="ed8baf69-4b35-4a4a-b55a-64b31b91f4c2" />
    <UnitTestResult executionId="99b189a7-d169-4111-9a64-b7977df4593c" testId="f4fc0333-af50-69e4-6402-9f108a2a6f9a" testName="Should_successfully_pass_rateLimit_policy(&quot;2342343&quot;,&quot;456&quot;,&quot;5456776.678&quot;,&quot;12323.56&quot;,&quot;kgh567dhncvbne4t&quot;,&quot;guilds/45674235345&quot;,&quot;DELETE&quot;)" computerName="test" duration="00:00:00.0004850" startTime="2025-02-11T17:41:51.1529110+01:00" endTime="2025-02-11T17:41:51.1533955+01:00" testType="13cdc9d9-ddb5-4fa4-a97d-d965ccfc6d4b" outcome="Passed" testListId="8c84fa94-04c1-424b-9868-57a2d4851a1d" relativeResultsDirectory="99b189a7-d169-4111-9a64-b7977df4593c" />
    <UnitTestResult executionId="b4c8cfd2-3ef6-419c-b8dd-af3492f429c7" testId="1417390a-ed2a-56ec-76d6-d577cde568cf" testName="Should_handle_global_rateLimit(&quot;234&quot;,&quot;guilds/5678564567&quot;)" computerName="test" duration="00:00:00.0197960" startTime="2025-02-11T17:41:51.1197241+01:00" endTime="2025-02-11T17:41:51.1395192+01:00" testType="13cdc9d9-ddb5-4fa4-a97d-d965ccfc6d4b" outcome="Passed" testListId="8c84fa94-04c1-424b-9868-57a2d4851a1d" relativeResultsDirectory="b4c8cfd2-3ef6-419c-b8dd-af3492f429c7" />
    <UnitTestResult executionId="ad244ba7-6455-4c3c-963c-11f51b1ac31b" testId="8d73dff6-3609-c81c-fe81-14e2f09b6d14" testName="Should_fail_to_parse_rateLimited_global_request(&quot;123&quot;)" computerName="test" duration="00:00:00.0002440" startTime="2025-02-11T17:41:51.0467960+01:00" endTime="2025-02-11T17:41:51.0470397+01:00" testType="13cdc9d9-ddb5-4fa4-a97d-d965ccfc6d4b" outcome="Passed" testListId="8c84fa94-04c1-424b-9868-57a2d4851a1d" relativeResultsDirectory="ad244ba7-6455-4c3c-963c-11f51b1ac31b" />
    <UnitTestResult executionId="c07b94bc-f8c7-4bde-be1e-d7eaba17ce9c" testId="122382e2-5a80-6e99-3207-a6f9baf7890f" testName="GetMayorParameter_should_return_mayor_params(&quot;guilds/123456/members/12345&quot;,&quot;123456&quot;)" computerName="test" duration="00:00:00.0001190" startTime="2025-02-11T17:41:51.1193171+01:00" endTime="2025-02-11T17:41:51.1194356+01:00" testType="13cdc9d9-ddb5-4fa4-a97d-d965ccfc6d4b" outcome="Passed" testListId="8c84fa94-04c1-424b-9868-57a2d4851a1d" relativeResultsDirectory="c07b94bc-f8c7-4bde-be1e-d7eaba17ce9c" />
    <UnitTestResult executionId="026fed52-2236-40e9-b7ff-b2ddd89c736a" testId="71b19ce3-fac6-89c4-1762-e274d8c29fed" testName="Should_calculate_permissions(Connect,None,Connect)" computerName="test" duration="00:00:00.0013460" startTime="2025-02-11T17:41:51.2384035+01:00" endTime="2025-02-11T17:41:51.2397491+01:00" testType="13cdc9d9-ddb5-4fa4-a97d-d965ccfc6d4b" outcome="Passed" testListId="8c84fa94-04c1-424b-9868-57a2d4851a1d" relativeResultsDirectory="026fed52-2236-40e9-b7ff-b2ddd89c736a" />
    <UnitTestResult executionId="9b4536f7-516f-41ba-9b7a-ec477aa42ecb" testId="f65e3123-57f4-7346-23de-f4f37d7f6ab1" testName="Should_prevent_rateLimit(&quot;645645&quot;,&quot;1&quot;,&quot;57645.345&quot;,&quot;2345.2&quot;,&quot;abxcvb45y4y3457hkhjljk;cd1234&quot;,&quot;guilds/678945673456233452&quot;,&quot;DELETE&quot;)" computerName="test" duration="00:00:00.0006089" startTime="2025-02-11T17:41:51.1454270+01:00" endTime="2025-02-11T17:41:51.1460359+01:00" testType="13cdc9d9-ddb5-4fa4-a97d-d965ccfc6d4b" outcome="Passed" testListId="8c84fa94-04c1-424b-9868-57a2d4851a1d" relativeResultsDirectory="9b4536f7-516f-41ba-9b7a-ec477aa42ecb" />
    <UnitTestResult executionId="98d21af2-cad7-49a7-a173-6bd4900da1b2" testId="312f43e5-279e-d069-c3a7-80e9046897ec" testName="Should_fail_to_parse_successful_global_request" computerName="test" duration="00:00:00.0002110" startTime="2025-02-11T17:41:51.0484175+01:00" endTime="2025-02-11T17:41:51.0486290+01:00" testType="13cdc9d9-ddb5-4fa4-a97d-d965ccfc6d4b" outcome="Passed" testListId="8c84fa94-04c1-424b-9868-57a2d4851a1d" relativeResultsDirectory="98d21af2-cad7-49a7-a173-6bd4900da1b2" />
    <UnitTestResult executionId="cae51c45-aca7-4381-8860-02a3573843a7" testId="3db2cf26-b6d4-1117-da94-1be08c65993a" testName="GetMayorParameter_should_not_return_mayor_params(&quot;users/@me&quot;)" computerName="test" duration="00:00:00.0000100" startTime="2025-02-11T17:41:51.1192633+01:00" endTime="2025-02-11T17:41:51.1192729+01:00" testType="13cdc9d9-ddb5-4fa4-a97d-d965ccfc6d4b" outcome="Passed" testListId="8c84fa94-04c1-424b-9868-57a2d4851a1d" relativeResultsDirectory="cae51c45-aca7-4381-8860-02a3573843a7" />
    <UnitTestResult executionId="90dc4d9c-38dd-483f-9199-85ad310da3fa" testId="a0ab237d-a1b8-48a4-1f89-c11eb7bd0e7d" testName="Should_parse_normal_request(&quot;2342343&quot;,&quot;456&quot;,&quot;5456776.678&quot;,&quot;12323.56&quot;,&quot;kgh567dhncvbne4t&quot;)" computerName="test" duration="00:00:00.0000180" startTime="2025-02-11T17:41:51.0504709+01:00" endTime="2025-02-11T17:41:51.0504886+01:00" testType="13cdc9d9-ddb5-4fa4-a97d-d965ccfc6d4b" outcome="Passed" testListId="8c84fa94-04c1-424b-9868-57a2d4851a1d" relativeResultsDirectory="90dc4d9c-38dd-483f-9199-85ad310da3fa" />
    <UnitTestResult executionId="d4b71c94-f0f2-45e6-ab14-edff7e363d3c" testId="b073fba4-88b3-6b04-c6e4-320b5d41cb6d" testName="GetMayorParameter_should_return_mayor_params(&quot;guilds/34563456/members/12345/roles/123123&quot;,&quot;34563456&quot;)" computerName="test" duration="00:00:00.0000100" startTime="2025-02-11T17:41:51.1195660+01:00" endTime="2025-02-11T17:41:51.1195762+01:00" testType="13cdc9d9-ddb5-4fa4-a97d-d965ccfc6d4b" outcome="Passed" testListId="8c84fa94-04c1-424b-9868-57a2d4851a1d" relativeResultsDirectory="d4b71c94-f0f2-45e6-ab14-edff7e363d3c" />
    <UnitTestResult executionId="946b8a1e-60b5-4445-80a7-cf5bd44ac71d" testId="7197c886-49c4-fa10-2ffb-c8b662c986ae" testName="Should_successfully_pass_global_rateLimit_policy(&quot;10&quot;,&quot;5&quot;,&quot;1470173023.123&quot;,&quot;64.57&quot;,&quot;abcd1234&quot;,&quot;guilds/898904567567&quot;,&quot;POST&quot;)" computerName="test" duration="00:00:00.0006150" startTime="2025-02-11T17:41:51.1474625+01:00" endTime="2025-02-11T17:41:51.1480779+01:00" testType="13cdc9d9-ddb5-4fa4-a97d-d965ccfc6d4b" outcome="Passed" testListId="8c84fa94-04c1-424b-9868-57a2d4851a1d" relativeResultsDirectory="946b8a1e-60b5-4445-80a7-cf5bd44ac71d" />
    <UnitTestResult executionId="45c9964c-c83a-4e56-a5b7-2c116a62ad86" testId="e59774a4-a400-a7f7-f4d8-459b716db211" testName="GetMayorParameter_should_return_mayor_params(&quot;channels/2308947374895/pins/12345&quot;,&quot;2308947374895&quot;)" computerName="test" duration="00:00:00.0000050" startTime="2025-02-11T17:41:51.1195968+01:00" endTime="2025-02-11T17:41:51.1196018+01:00" testType="13cdc9d9-ddb5-4fa4-a97d-d965ccfc6d4b" outcome="Passed" testListId="8c84fa94-04c1-424b-9868-57a2d4851a1d" relativeResultsDirectory="45c9964c-c83a-4e56-a5b7-2c116a62ad86" />
    <UnitTestResult executionId="d5a995ef-30f3-42a6-9f12-9b5a1be351bb" testId="1508c4ec-093e-ff00-b63a-f640bf8d41f2" testName="Should_parse_normal_request(&quot;10&quot;,&quot;5&quot;,&quot;1470173023.123&quot;,&quot;64.57&quot;,&quot;abcd1234&quot;)" computerName="test" duration="00:00:00.0002490" startTime="2025-02-11T17:41:51.0501768+01:00" endTime="2025-02-11T17:41:51.0504257+01:00" testType="13cdc9d9-ddb5-4fa4-a97d-d965ccfc6d4b" outcome="Passed" testListId="8c84fa94-04c1-424b-9868-57a2d4851a1d" relativeResultsDirectory="d5a995ef-30f3-42a6-9f12-9b5a1be351bb" />
    <UnitTestResult executionId="f58340bb-6f06-43a7-9b6a-0285b533283f" testId="83e5c3cd-a845-57e7-21f0-2faef3351dce" testName="Should_handle_global_rateLimit(&quot;5678978&quot;,&quot;guilds/324234456568&quot;)" computerName="test" duration="00:00:00.0004780" startTime="2025-02-11T17:41:51.1413847+01:00" endTime="2025-02-11T17:41:51.1418623+01:00" testType="13cdc9d9-ddb5-4fa4-a97d-d965ccfc6d4b" outcome="Passed" testListId="8c84fa94-04c1-424b-9868-57a2d4851a1d" relativeResultsDirectory="f58340bb-6f06-43a7-9b6a-0285b533283f" />
    <UnitTestResult executionId="11ea1de9-c4b3-4cca-8d78-29d946d26035" testId="d5aecff4-3d8a-17f8-46a3-345e49393ba1" testName="Should_prevent_rateLimit(&quot;234&quot;,&quot;1&quot;,&quot;78545.234&quot;,&quot;64.57&quot;,&quot;asfd4ytvbnt67ig&quot;,&quot;guilds/54678568456&quot;,&quot;GET&quot;)" computerName="test" duration="00:00:00.0015050" startTime="2025-02-11T17:41:51.1419069+01:00" endTime="2025-02-11T17:41:51.1434118+01:00" testType="13cdc9d9-ddb5-4fa4-a97d-d965ccfc6d4b" outcome="Passed" testListId="8c84fa94-04c1-424b-9868-57a2d4851a1d" relativeResultsDirectory="11ea1de9-c4b3-4cca-8d78-29d946d26035" />
    <UnitTestResult executionId="5d7e4d62-5f43-40d5-bf6c-586a5214dec3" testId="8f787d31-4119-a112-64e8-5dab5b4e56e2" testName="GetMayorParameter_should_not_return_mayor_params(&quot;voice/regions&quot;)" computerName="test" duration="00:00:00.0001480" startTime="2025-02-11T17:41:51.1191058+01:00" endTime="2025-02-11T17:41:51.1192537+01:00" testType="13cdc9d9-ddb5-4fa4-a97d-d965ccfc6d4b" outcome="Passed" testListId="8c84fa94-04c1-424b-9868-57a2d4851a1d" relativeResultsDirectory="5d7e4d62-5f43-40d5-bf6c-586a5214dec3" />
    <UnitTestResult executionId="596da269-7f30-49a1-ae23-8517a1f6548b" testId="c7e3f8aa-8af5-14e4-6680-e55fd3977827" testName="Should_calculate_permissions(Connect, ChangeNickname,Speak,Connect, Speak, ChangeNickname)" computerName="test" duration="00:00:00.0002310" startTime="2025-02-11T17:41:51.2399571+01:00" endTime="2025-02-11T17:41:51.2401849+01:00" testType="13cdc9d9-ddb5-4fa4-a97d-d965ccfc6d4b" outcome="Passed" testListId="8c84fa94-04c1-424b-9868-57a2d4851a1d" relativeResultsDirectory="596da269-7f30-49a1-ae23-8517a1f6548b" />
    <UnitTestResult executionId="a444c460-0949-477f-8075-2f03201bb24b" testId="26b0ad7d-8ec5-8c82-5bdc-ac8349ef63a7" testName="Should_parse_normal_request(&quot;234&quot;,&quot;5&quot;,&quot;1626633100&quot;,&quot;64.57&quot;,&quot;asfd4ytvbnt67ig&quot;)" computerName="test" duration="00:00:00.0014900" startTime="2025-02-11T17:41:51.0486739+01:00" endTime="2025-02-11T17:41:51.0501634+01:00" testType="13cdc9d9-ddb5-4fa4-a97d-d965ccfc6d4b" outcome="Passed" testListId="8c84fa94-04c1-424b-9868-57a2d4851a1d" relativeResultsDirectory="a444c460-0949-477f-8075-2f03201bb24b" />
    <UnitTestResult executionId="2e85caf1-d092-409c-a6a0-441d07e7ff4e" testId="2ade0237-99d3-fdd0-0b0f-dfa66b63b680" testName="Should_fail_to_parse_rateLimited_global_request(&quot;34&quot;)" computerName="test" duration="00:00:00.0215780" startTime="2025-02-11T17:41:51.0242075+01:00" endTime="2025-02-11T17:41:51.0457374+01:00" testType="13cdc9d9-ddb5-4fa4-a97d-d965ccfc6d4b" outcome="Passed" testListId="8c84fa94-04c1-424b-9868-57a2d4851a1d" relativeResultsDirectory="2e85caf1-d092-409c-a6a0-441d07e7ff4e" />
    <UnitTestResult executionId="c6c9bd09-aeb1-4569-b345-3f24b9cc2b07" testId="229912ae-2bff-d746-0058-a2ada95f0570" testName="Should_successfully_pass_global_rateLimit_policy(&quot;4234234&quot;,&quot;543&quot;,&quot;3456.453&quot;,&quot;234.456&quot;,&quot;asdgf3w6sdfgsgxcvb&quot;,&quot;guilds/6789567456&quot;,&quot;DELETE&quot;)" computerName="test" duration="00:00:00.0005670" startTime="2025-02-11T17:41:51.1480861+01:00" endTime="2025-02-11T17:41:51.1486531+01:00" testType="13cdc9d9-ddb5-4fa4-a97d-d965ccfc6d4b" outcome="Passed" testListId="8c84fa94-04c1-424b-9868-57a2d4851a1d" relativeResultsDirectory="c6c9bd09-aeb1-4569-b345-3f24b9cc2b07" />
    <UnitTestResult executionId="f564ede9-9bee-49e2-9c87-de71e48cf767" testId="39b4d3b6-774e-4ae5-2a1d-a92e1d760fde" testName="Should_prevent_rateLimit(&quot;10&quot;,&quot;1&quot;,&quot;34576.123&quot;,&quot;64.57&quot;,&quot;abcd1234&quot;,&quot;guilds/67894563456&quot;,&quot;POST&quot;)" computerName="test" duration="00:00:00.0005950" startTime="2025-02-11T17:41:51.1434286+01:00" endTime="2025-02-11T17:41:51.1440233+01:00" testType="13cdc9d9-ddb5-4fa4-a97d-d965ccfc6d4b" outcome="Passed" testListId="8c84fa94-04c1-424b-9868-57a2d4851a1d" relativeResultsDirectory="f564ede9-9bee-49e2-9c87-de71e48cf767" />
    <UnitTestResult executionId="c4cc0069-c271-4ee1-9fed-852e63d41015" testId="c3a8aa9c-3eca-2c33-3371-81bb5d9ce468" testName="Should_successfully_pass_rateLimit_policy(&quot;645645&quot;,&quot;456&quot;,&quot;7892345.345&quot;,&quot;2345.2&quot;,&quot;abxcvb45y4y3457hkhjljk;cd1234&quot;,&quot;guilds/3245234556567567&quot;,&quot;PUT&quot;)" computerName="test" duration="00:00:00.0007950" startTime="2025-02-11T17:41:51.1534059+01:00" endTime="2025-02-11T17:41:51.1542007+01:00" testType="13cdc9d9-ddb5-4fa4-a97d-d965ccfc6d4b" outcome="Passed" testListId="8c84fa94-04c1-424b-9868-57a2d4851a1d" relativeResultsDirectory="c4cc0069-c271-4ee1-9fed-852e63d41015" />
    <UnitTestResult executionId="d52aa9a6-d750-4f9b-8d15-ede6baab4ee9" testId="706385b4-4aaa-6979-aeb9-3c113c75dfb7" testName="Should_fail_to_parse_rateLimited_global_request(&quot;34253&quot;)" computerName="test" duration="00:00:00.0000980" startTime="2025-02-11T17:41:51.0470531+01:00" endTime="2025-02-11T17:41:51.0471510+01:00" testType="13cdc9d9-ddb5-4fa4-a97d-d965ccfc6d4b" outcome="Passed" testListId="8c84fa94-04c1-424b-9868-57a2d4851a1d" relativeResultsDirectory="d52aa9a6-d750-4f9b-8d15-ede6baab4ee9" />
    <UnitTestResult executionId="2d4fdcbd-1559-4d19-ad37-17967f5cd6f6" testId="0d00b97a-6ff8-b55a-40b9-2d6964b79d7d" testName="Should_calculate_permissions(Connect,Speak,Connect, Speak)" computerName="test" duration="00:00:00.0838860" startTime="2025-02-11T17:41:51.1544902+01:00" endTime="2025-02-11T17:41:51.2383761+01:00" testType="13cdc9d9-ddb5-4fa4-a97d-d965ccfc6d4b" outcome="Passed" testListId="8c84fa94-04c1-424b-9868-57a2d4851a1d" relativeResultsDirectory="2d4fdcbd-1559-4d19-ad37-17967f5cd6f6" />
    <UnitTestResult executionId="496bdab6-55b2-4ac5-a87b-cb0c84134c3e" testId="a7e479b2-7840-83c5-b87e-505370cf20f1" testName="Should_successfully_pass_rateLimit_policy(&quot;4234234&quot;,&quot;543&quot;,&quot;3456.453&quot;,&quot;234.456&quot;,&quot;asdgf3w6sdfgsgxcvb&quot;,&quot;guilds/6789567456&quot;,&quot;DELETE&quot;)" computerName="test" duration="00:00:00.0005650" startTime="2025-02-11T17:41:51.1523375+01:00" endTime="2025-02-11T17:41:51.1529025+01:00" testType="13cdc9d9-ddb5-4fa4-a97d-d965ccfc6d4b" outcome="Passed" testListId="8c84fa94-04c1-424b-9868-57a2d4851a1d" relativeResultsDirectory="496bdab6-55b2-4ac5-a87b-cb0c84134c3e" />
    <UnitTestResult executionId="a10edbc2-5aeb-4d66-b8bd-fee950cbf27f" testId="a898de36-4482-d3e0-b6ec-3351374d0ea2" testName="Should_resolve_new_client" computerName="test" duration="00:00:00.0101970" startTime="2025-02-11T17:41:51.1085320+01:00" endTime="2025-02-11T17:41:51.1187286+01:00" testType="13cdc9d9-ddb5-4fa4-a97d-d965ccfc6d4b" outcome="Passed" testListId="8c84fa94-04c1-424b-9868-57a2d4851a1d" relativeResultsDirectory="a10edbc2-5aeb-4d66-b8bd-fee950cbf27f" />
    <UnitTestResult executionId="c14620b4-c24c-47c6-a4bd-cb1de3f99e6e" testId="7fd747c0-01ed-47cf-13d1-ba4c7df29d79" testName="GetMayorParameter_should_not_return_mayor_params(&quot;stickers/123456&quot;)" computerName="test" duration="00:00:00.0002490" startTime="2025-02-11T17:41:51.1188467+01:00" endTime="2025-02-11T17:41:51.1190954+01:00" testType="13cdc9d9-ddb5-4fa4-a97d-d965ccfc6d4b" outcome="Passed" testListId="8c84fa94-04c1-424b-9868-57a2d4851a1d" relativeResultsDirectory="c14620b4-c24c-47c6-a4bd-cb1de3f99e6e" />
  </Results>
  <TestDefinitions>
    <UnitTest name="Should_successfully_pass_global_rateLimit_policy(&quot;2342343&quot;,&quot;456&quot;,&quot;5456776.678&quot;,&quot;12323.56&quot;,&quot;kgh567dhncvbne4t&quot;,&quot;guilds/45674235345&quot;,&quot;DELETE&quot;)" storage="f:\github\color-chan.discord\tests\color-chan.discord.rest.tests\bin\debug\net8.0\color-chan.discord.rest.tests.dll" id="733bbd14-bd85-4db5-226a-413663a7d4ea">
      <Execution id="e01cd6cc-9339-4423-900d-42807b13a9b2" />
      <TestMethod codeBase="F:\Github\Color-Chan.Discord\tests\Color-Chan.Discord.Rest.Tests\bin\Debug\net8.0\Color-Chan.Discord.Rest.Tests.dll" adapterTypeName="executor://nunit3testexecutor/" className="Color_Chan.Discord.Rest.Tests.Policies.DiscordRateLimitPolicyTests" name="Should_successfully_pass_global_rateLimit_policy(&quot;2342343&quot;,&quot;456&quot;,&quot;5456776.678&quot;,&quot;12323.56&quot;,&quot;kgh567dhncvbne4t&quot;,&quot;guilds/45674235345&quot;,&quot;DELETE&quot;)" />
    </UnitTest>
    <UnitTest name="Should_calculate_permissions(Connect,Speak,Connect, Speak)" storage="f:\github\color-chan.discord\tests\color-chan.discord.rest.tests\bin\debug\net8.0\color-chan.discord.rest.tests.dll" id="0d00b97a-6ff8-b55a-40b9-2d6964b79d7d">
      <Execution id="2d4fdcbd-1559-4d19-ad37-17967f5cd6f6" />
      <TestMethod codeBase="F:\Github\Color-Chan.Discord\tests\Color-Chan.Discord.Rest.Tests\bin\Debug\net8.0\Color-Chan.Discord.Rest.Tests.dll" adapterTypeName="executor://nunit3testexecutor/" className="Color_Chan.Discord.Rest.Tests.Services.Implementations.DiscordPermissionCalculatorTests" name="Should_calculate_permissions(Connect,Speak,Connect, Speak)" />
    </UnitTest>
    <UnitTest name="GetMayorParameter_should_not_return_mayor_params(&quot;users/123123123&quot;)" storage="f:\github\color-chan.discord\tests\color-chan.discord.rest.tests\bin\debug\net8.0\color-chan.discord.rest.tests.dll" id="b0e1d822-906a-3f32-3b89-536813223ce2">
      <Execution id="284b8166-978a-4fae-812b-3cd66c2ce260" />
      <TestMethod codeBase="F:\Github\Color-Chan.Discord\tests\Color-Chan.Discord.Rest.Tests\bin\Debug\net8.0\Color-Chan.Discord.Rest.Tests.dll" adapterTypeName="executor://nunit3testexecutor/" className="Color_Chan.Discord.Rest.Tests.Extensions.StringExtensionsTests" name="GetMayorParameter_should_not_return_mayor_params(&quot;users/123123123&quot;)" />
    </UnitTest>
    <UnitTest name="Should_fail_to_parse_rateLimited_global_request(&quot;34&quot;)" storage="f:\github\color-chan.discord\tests\color-chan.discord.rest.tests\bin\debug\net8.0\color-chan.discord.rest.tests.dll" id="2ade0237-99d3-fdd0-0b0f-dfa66b63b680">
      <Execution id="2e85caf1-d092-409c-a6a0-441d07e7ff4e" />
      <TestMethod codeBase="F:\Github\Color-Chan.Discord\tests\Color-Chan.Discord.Rest.Tests\bin\Debug\net8.0\Color-Chan.Discord.Rest.Tests.dll" adapterTypeName="executor://nunit3testexecutor/" className="Color_Chan.Discord.Rest.Tests.API.DiscordRateLimitBucketTests" name="Should_fail_to_parse_rateLimited_global_request(&quot;34&quot;)" />
    </UnitTest>
    <UnitTest name="Should_resolve_IDiscordRestChannel" storage="f:\github\color-chan.discord\tests\color-chan.discord.rest.tests\bin\debug\net8.0\color-chan.discord.rest.tests.dll" id="71f4f2b9-241e-dcdc-7475-832e35356d07">
      <Execution id="78204942-dfd3-455e-ac93-56b66acd6b2e" />
      <TestMethod codeBase="F:\Github\Color-Chan.Discord\tests\Color-Chan.Discord.Rest.Tests\bin\Debug\net8.0\Color-Chan.Discord.Rest.Tests.dll" adapterTypeName="executor://nunit3testexecutor/" className="Color_Chan.Discord.Rest.Tests.Extensions.ServiceCollectionExtensionsTests" name="Should_resolve_IDiscordRestChannel" />
    </UnitTest>
    <UnitTest name="Should_handle_global_rateLimit(&quot;234&quot;,&quot;guilds/5678564567&quot;)" storage="f:\github\color-chan.discord\tests\color-chan.discord.rest.tests\bin\debug\net8.0\color-chan.discord.rest.tests.dll" id="1417390a-ed2a-56ec-76d6-d577cde568cf">
      <Execution id="b4c8cfd2-3ef6-419c-b8dd-af3492f429c7" />
      <TestMethod codeBase="F:\Github\Color-Chan.Discord\tests\Color-Chan.Discord.Rest.Tests\bin\Debug\net8.0\Color-Chan.Discord.Rest.Tests.dll" adapterTypeName="executor://nunit3testexecutor/" className="Color_Chan.Discord.Rest.Tests.Policies.DiscordRateLimitPolicyTests" name="Should_handle_global_rateLimit(&quot;234&quot;,&quot;guilds/5678564567&quot;)" />
    </UnitTest>
    <UnitTest name="GetMayorParameter_should_not_return_mayor_params(&quot;voice/regions&quot;)" storage="f:\github\color-chan.discord\tests\color-chan.discord.rest.tests\bin\debug\net8.0\color-chan.discord.rest.tests.dll" id="8f787d31-4119-a112-64e8-5dab5b4e56e2">
      <Execution id="5d7e4d62-5f43-40d5-bf6c-586a5214dec3" />
      <TestMethod codeBase="F:\Github\Color-Chan.Discord\tests\Color-Chan.Discord.Rest.Tests\bin\Debug\net8.0\Color-Chan.Discord.Rest.Tests.dll" adapterTypeName="executor://nunit3testexecutor/" className="Color_Chan.Discord.Rest.Tests.Extensions.StringExtensionsTests" name="GetMayorParameter_should_not_return_mayor_params(&quot;voice/regions&quot;)" />
    </UnitTest>
    <UnitTest name="Should_fail_to_parse_rateLimited_global_request(&quot;123&quot;)" storage="f:\github\color-chan.discord\tests\color-chan.discord.rest.tests\bin\debug\net8.0\color-chan.discord.rest.tests.dll" id="8d73dff6-3609-c81c-fe81-14e2f09b6d14">
      <Execution id="ad244ba7-6455-4c3c-963c-11f51b1ac31b" />
      <TestMethod codeBase="F:\Github\Color-Chan.Discord\tests\Color-Chan.Discord.Rest.Tests\bin\Debug\net8.0\Color-Chan.Discord.Rest.Tests.dll" adapterTypeName="executor://nunit3testexecutor/" className="Color_Chan.Discord.Rest.Tests.API.DiscordRateLimitBucketTests" name="Should_fail_to_parse_rateLimited_global_request(&quot;123&quot;)" />
    </UnitTest>
    <UnitTest name="Should_prevent_rateLimit(&quot;645645&quot;,&quot;1&quot;,&quot;57645.345&quot;,&quot;2345.2&quot;,&quot;abxcvb45y4y3457hkhjljk;cd1234&quot;,&quot;guilds/678945673456233452&quot;,&quot;DELETE&quot;)" storage="f:\github\color-chan.discord\tests\color-chan.discord.rest.tests\bin\debug\net8.0\color-chan.discord.rest.tests.dll" id="f65e3123-57f4-7346-23de-f4f37d7f6ab1">
      <Execution id="9b4536f7-516f-41ba-9b7a-ec477aa42ecb" />
      <TestMethod codeBase="F:\Github\Color-Chan.Discord\tests\Color-Chan.Discord.Rest.Tests\bin\Debug\net8.0\Color-Chan.Discord.Rest.Tests.dll" adapterTypeName="executor://nunit3testexecutor/" className="Color_Chan.Discord.Rest.Tests.Policies.DiscordRateLimitPolicyTests" name="Should_prevent_rateLimit(&quot;645645&quot;,&quot;1&quot;,&quot;57645.345&quot;,&quot;2345.2&quot;,&quot;abxcvb45y4y3457hkhjljk;cd1234&quot;,&quot;guilds/678945673456233452&quot;,&quot;DELETE&quot;)" />
    </UnitTest>
    <UnitTest name="Should_successfully_pass_global_rateLimit_policy(&quot;234&quot;,&quot;5&quot;,&quot;645.1&quot;,&quot;64.57&quot;,&quot;asfd4ytvbnt67ig&quot;,&quot;guilds/234123456778&quot;,&quot;GET&quot;)" storage="f:\github\color-chan.discord\tests\color-chan.discord.rest.tests\bin\debug\net8.0\color-chan.discord.rest.tests.dll" id="b8bac4eb-2fe3-6ca2-0808-3914eee99b1e">
      <Execution id="875ced89-ec99-49cd-bba2-9abdb98b978a" />
      <TestMethod codeBase="F:\Github\Color-Chan.Discord\tests\Color-Chan.Discord.Rest.Tests\bin\Debug\net8.0\Color-Chan.Discord.Rest.Tests.dll" adapterTypeName="executor://nunit3testexecutor/" className="Color_Chan.Discord.Rest.Tests.Policies.DiscordRateLimitPolicyTests" name="Should_successfully_pass_global_rateLimit_policy(&quot;234&quot;,&quot;5&quot;,&quot;645.1&quot;,&quot;64.57&quot;,&quot;asfd4ytvbnt67ig&quot;,&quot;guilds/234123456778&quot;,&quot;GET&quot;)" />
    </UnitTest>
    <UnitTest name="Should_handle_global_rateLimit(&quot;6789&quot;,&quot;guilds/89078967567567&quot;)" storage="f:\github\color-chan.discord\tests\color-chan.discord.rest.tests\bin\debug\net8.0\color-chan.discord.rest.tests.dll" id="4c5d80a4-683e-eaf9-e7ed-079877a51b66">
      <Execution id="033a7e9d-2c58-4253-bfbb-899984b47e64" />
      <TestMethod codeBase="F:\Github\Color-Chan.Discord\tests\Color-Chan.Discord.Rest.Tests\bin\Debug\net8.0\Color-Chan.Discord.Rest.Tests.dll" adapterTypeName="executor://nunit3testexecutor/" className="Color_Chan.Discord.Rest.Tests.Policies.DiscordRateLimitPolicyTests" name="Should_handle_global_rateLimit(&quot;6789&quot;,&quot;guilds/89078967567567&quot;)" />
    </UnitTest>
    <UnitTest name="GetMayorParameter_should_return_mayor_params(&quot;channels/2308947374895/pins/12345&quot;,&quot;2308947374895&quot;)" storage="f:\github\color-chan.discord\tests\color-chan.discord.rest.tests\bin\debug\net8.0\color-chan.discord.rest.tests.dll" id="e59774a4-a400-a7f7-f4d8-459b716db211">
      <Execution id="45c9964c-c83a-4e56-a5b7-2c116a62ad86" />
      <TestMethod codeBase="F:\Github\Color-Chan.Discord\tests\Color-Chan.Discord.Rest.Tests\bin\Debug\net8.0\Color-Chan.Discord.Rest.Tests.dll" adapterTypeName="executor://nunit3testexecutor/" className="Color_Chan.Discord.Rest.Tests.Extensions.StringExtensionsTests" name="GetMayorParameter_should_return_mayor_params(&quot;channels/2308947374895/pins/12345&quot;,&quot;2308947374895&quot;)" />
    </UnitTest>
    <UnitTest name="Should_calculate_permissions(AddReactions, Speak,Stream,AddReactions, Stream, Speak)" storage="f:\github\color-chan.discord\tests\color-chan.discord.rest.tests\bin\debug\net8.0\color-chan.discord.rest.tests.dll" id="45152e00-536f-8b78-c224-99f2d4d9779a">
      <Execution id="c5fb9612-4442-413b-8c86-0131c7a6db18" />
      <TestMethod codeBase="F:\Github\Color-Chan.Discord\tests\Color-Chan.Discord.Rest.Tests\bin\Debug\net8.0\Color-Chan.Discord.Rest.Tests.dll" adapterTypeName="executor://nunit3testexecutor/" className="Color_Chan.Discord.Rest.Tests.Services.Implementations.DiscordPermissionCalculatorTests" name="Should_calculate_permissions(AddReactions, Speak,Stream,AddReactions, Stream, Speak)" />
    </UnitTest>
    <UnitTest name="GetMayorParameter_should_return_mayor_params(&quot;guilds/123123123/channels&quot;,&quot;123123123&quot;)" storage="f:\github\color-chan.discord\tests\color-chan.discord.rest.tests\bin\debug\net8.0\color-chan.discord.rest.tests.dll" id="b04960f3-5a7c-538b-1b13-1e4bd7cff677">
      <Execution id="9f353b2e-3fd8-476e-9d11-28fd6f59cbc7" />
      <TestMethod codeBase="F:\Github\Color-Chan.Discord\tests\Color-Chan.Discord.Rest.Tests\bin\Debug\net8.0\Color-Chan.Discord.Rest.Tests.dll" adapterTypeName="executor://nunit3testexecutor/" className="Color_Chan.Discord.Rest.Tests.Extensions.StringExtensionsTests" name="GetMayorParameter_should_return_mayor_params(&quot;guilds/123123123/channels&quot;,&quot;123123123&quot;)" />
    </UnitTest>
    <UnitTest name="Should_fail_to_parse_rateLimited_global_request(&quot;34253&quot;)" storage="f:\github\color-chan.discord\tests\color-chan.discord.rest.tests\bin\debug\net8.0\color-chan.discord.rest.tests.dll" id="706385b4-4aaa-6979-aeb9-3c113c75dfb7">
      <Execution id="d52aa9a6-d750-4f9b-8d15-ede6baab4ee9" />
      <TestMethod codeBase="F:\Github\Color-Chan.Discord\tests\Color-Chan.Discord.Rest.Tests\bin\Debug\net8.0\Color-Chan.Discord.Rest.Tests.dll" adapterTypeName="executor://nunit3testexecutor/" className="Color_Chan.Discord.Rest.Tests.API.DiscordRateLimitBucketTests" name="Should_fail_to_parse_rateLimited_global_request(&quot;34253&quot;)" />
    </UnitTest>
    <UnitTest name="Should_prevent_rateLimit(&quot;10&quot;,&quot;1&quot;,&quot;34576.123&quot;,&quot;64.57&quot;,&quot;abcd1234&quot;,&quot;guilds/67894563456&quot;,&quot;POST&quot;)" storage="f:\github\color-chan.discord\tests\color-chan.discord.rest.tests\bin\debug\net8.0\color-chan.discord.rest.tests.dll" id="39b4d3b6-774e-4ae5-2a1d-a92e1d760fde">
      <Execution id="f564ede9-9bee-49e2-9c87-de71e48cf767" />
      <TestMethod codeBase="F:\Github\Color-Chan.Discord\tests\Color-Chan.Discord.Rest.Tests\bin\Debug\net8.0\Color-Chan.Discord.Rest.Tests.dll" adapterTypeName="executor://nunit3testexecutor/" className="Color_Chan.Discord.Rest.Tests.Policies.DiscordRateLimitPolicyTests" name="Should_prevent_rateLimit(&quot;10&quot;,&quot;1&quot;,&quot;34576.123&quot;,&quot;64.57&quot;,&quot;abcd1234&quot;,&quot;guilds/67894563456&quot;,&quot;POST&quot;)" />
    </UnitTest>
    <UnitTest name="Should_successfully_pass_rateLimit_policy(&quot;234&quot;,&quot;5&quot;,&quot;645.1&quot;,&quot;64.57&quot;,&quot;asfd4ytvbnt67ig&quot;,&quot;guilds/234123456778&quot;,&quot;GET&quot;)" storage="f:\github\color-chan.discord\tests\color-chan.discord.rest.tests\bin\debug\net8.0\color-chan.discord.rest.tests.dll" id="6917e932-9647-549b-b5bd-92a93b4115c4">
      <Execution id="3ac97f3d-79df-4ead-9ee2-525aaf0f7759" />
      <TestMethod codeBase="F:\Github\Color-Chan.Discord\tests\Color-Chan.Discord.Rest.Tests\bin\Debug\net8.0\Color-Chan.Discord.Rest.Tests.dll" adapterTypeName="executor://nunit3testexecutor/" className="Color_Chan.Discord.Rest.Tests.Policies.DiscordRateLimitPolicyTests" name="Should_successfully_pass_rateLimit_policy(&quot;234&quot;,&quot;5&quot;,&quot;645.1&quot;,&quot;64.57&quot;,&quot;asfd4ytvbnt67ig&quot;,&quot;guilds/234123456778&quot;,&quot;GET&quot;)" />
    </UnitTest>
    <UnitTest name="Should_parse_normal_request(&quot;10&quot;,&quot;5&quot;,&quot;1470173023.123&quot;,&quot;64.57&quot;,&quot;abcd1234&quot;)" storage="f:\github\color-chan.discord\tests\color-chan.discord.rest.tests\bin\debug\net8.0\color-chan.discord.rest.tests.dll" id="1508c4ec-093e-ff00-b63a-f640bf8d41f2">
      <Execution id="d5a995ef-30f3-42a6-9f12-9b5a1be351bb" />
      <TestMethod codeBase="F:\Github\Color-Chan.Discord\tests\Color-Chan.Discord.Rest.Tests\bin\Debug\net8.0\Color-Chan.Discord.Rest.Tests.dll" adapterTypeName="executor://nunit3testexecutor/" className="Color_Chan.Discord.Rest.Tests.API.DiscordRateLimitBucketTests" name="Should_parse_normal_request(&quot;10&quot;,&quot;5&quot;,&quot;1470173023.123&quot;,&quot;64.57&quot;,&quot;abcd1234&quot;)" />
    </UnitTest>
    <UnitTest name="Should_calculate_permissions(Connect,None,Connect)" storage="f:\github\color-chan.discord\tests\color-chan.discord.rest.tests\bin\debug\net8.0\color-chan.discord.rest.tests.dll" id="71b19ce3-fac6-89c4-1762-e274d8c29fed">
      <Execution id="026fed52-2236-40e9-b7ff-b2ddd89c736a" />
      <TestMethod codeBase="F:\Github\Color-Chan.Discord\tests\Color-Chan.Discord.Rest.Tests\bin\Debug\net8.0\Color-Chan.Discord.Rest.Tests.dll" adapterTypeName="executor://nunit3testexecutor/" className="Color_Chan.Discord.Rest.Tests.Services.Implementations.DiscordPermissionCalculatorTests" name="Should_calculate_permissions(Connect,None,Connect)" />
    </UnitTest>
    <UnitTest name="Should_handle_global_rateLimit(&quot;456456&quot;,&quot;guilds/78908906789678&quot;)" storage="f:\github\color-chan.discord\tests\color-chan.discord.rest.tests\bin\debug\net8.0\color-chan.discord.rest.tests.dll" id="520b288c-908a-1d4a-c10a-113a9ac277b7">
      <Execution id="24f36919-3ced-4328-80d6-1d16cc4af8dd" />
      <TestMethod codeBase="F:\Github\Color-Chan.Discord\tests\Color-Chan.Discord.Rest.Tests\bin\Debug\net8.0\Color-Chan.Discord.Rest.Tests.dll" adapterTypeName="executor://nunit3testexecutor/" className="Color_Chan.Discord.Rest.Tests.Policies.DiscordRateLimitPolicyTests" name="Should_handle_global_rateLimit(&quot;456456&quot;,&quot;guilds/78908906789678&quot;)" />
    </UnitTest>
    <UnitTest name="Should_successfully_pass_global_rateLimit_policy(&quot;4234234&quot;,&quot;543&quot;,&quot;3456.453&quot;,&quot;234.456&quot;,&quot;asdgf3w6sdfgsgxcvb&quot;,&quot;guilds/6789567456&quot;,&quot;DELETE&quot;)" storage="f:\github\color-chan.discord\tests\color-chan.discord.rest.tests\bin\debug\net8.0\color-chan.discord.rest.tests.dll" id="229912ae-2bff-d746-0058-a2ada95f0570">
      <Execution id="c6c9bd09-aeb1-4569-b345-3f24b9cc2b07" />
      <TestMethod codeBase="F:\Github\Color-Chan.Discord\tests\Color-Chan.Discord.Rest.Tests\bin\Debug\net8.0\Color-Chan.Discord.Rest.Tests.dll" adapterTypeName="executor://nunit3testexecutor/" className="Color_Chan.Discord.Rest.Tests.Policies.DiscordRateLimitPolicyTests" name="Should_successfully_pass_global_rateLimit_policy(&quot;4234234&quot;,&quot;543&quot;,&quot;3456.453&quot;,&quot;234.456&quot;,&quot;asdgf3w6sdfgsgxcvb&quot;,&quot;guilds/6789567456&quot;,&quot;DELETE&quot;)" />
    </UnitTest>
    <UnitTest name="GetMayorParameter_should_return_mayor_params(&quot;guilds/123456/members/12345&quot;,&quot;123456&quot;)" storage="f:\github\color-chan.discord\tests\color-chan.discord.rest.tests\bin\debug\net8.0\color-chan.discord.rest.tests.dll" id="122382e2-5a80-6e99-3207-a6f9baf7890f">
      <Execution id="c07b94bc-f8c7-4bde-be1e-d7eaba17ce9c" />
      <TestMethod codeBase="F:\Github\Color-Chan.Discord\tests\Color-Chan.Discord.Rest.Tests\bin\Debug\net8.0\Color-Chan.Discord.Rest.Tests.dll" adapterTypeName="executor://nunit3testexecutor/" className="Color_Chan.Discord.Rest.Tests.Extensions.StringExtensionsTests" name="GetMayorParameter_should_return_mayor_params(&quot;guilds/123456/members/12345&quot;,&quot;123456&quot;)" />
    </UnitTest>
    <UnitTest name="Should_parse_normal_request(&quot;4234234&quot;,&quot;0&quot;,&quot;3456.453&quot;,&quot;234.456&quot;,&quot;asdgf3w6sdfgsgxcvb&quot;)" storage="f:\github\color-chan.discord\tests\color-chan.discord.rest.tests\bin\debug\net8.0\color-chan.discord.rest.tests.dll" id="fb1794e5-1b3b-8458-dde7-04d2d042a14a">
      <Execution id="42e378f1-3ce8-4e14-86e4-d90b76ae704a" />
      <TestMethod codeBase="F:\Github\Color-Chan.Discord\tests\Color-Chan.Discord.Rest.Tests\bin\Debug\net8.0\Color-Chan.Discord.Rest.Tests.dll" adapterTypeName="executor://nunit3testexecutor/" className="Color_Chan.Discord.Rest.Tests.API.DiscordRateLimitBucketTests" name="Should_parse_normal_request(&quot;4234234&quot;,&quot;0&quot;,&quot;3456.453&quot;,&quot;234.456&quot;,&quot;asdgf3w6sdfgsgxcvb&quot;)" />
    </UnitTest>
    <UnitTest name="Should_parse_normal_request(&quot;645645&quot;,&quot;456&quot;,&quot;7892345.345&quot;,&quot;2345.2&quot;,&quot;abxcvb45y4y3457hkhjljk;cd1234&quot;)" storage="f:\github\color-chan.discord\tests\color-chan.discord.rest.tests\bin\debug\net8.0\color-chan.discord.rest.tests.dll" id="d544e051-1d3a-c5c8-065d-372d7ab15076">
      <Execution id="34b4d8b4-37b8-4e76-9ff3-e8b22a17749b" />
      <TestMethod codeBase="F:\Github\Color-Chan.Discord\tests\Color-Chan.Discord.Rest.Tests\bin\Debug\net8.0\Color-Chan.Discord.Rest.Tests.dll" adapterTypeName="executor://nunit3testexecutor/" className="Color_Chan.Discord.Rest.Tests.API.DiscordRateLimitBucketTests" name="Should_parse_normal_request(&quot;645645&quot;,&quot;456&quot;,&quot;7892345.345&quot;,&quot;2345.2&quot;,&quot;abxcvb45y4y3457hkhjljk;cd1234&quot;)" />
    </UnitTest>
    <UnitTest name="Should_resolve_IDiscordHttpClient" storage="f:\github\color-chan.discord\tests\color-chan.discord.rest.tests\bin\debug\net8.0\color-chan.discord.rest.tests.dll" id="439cb4f3-44be-2183-8937-874cbe0364b9">
      <Execution id="05a4bd3a-974d-44e4-bffc-fa0f5e3e86f5" />
      <TestMethod codeBase="F:\Github\Color-Chan.Discord\tests\Color-Chan.Discord.Rest.Tests\bin\Debug\net8.0\Color-Chan.Discord.Rest.Tests.dll" adapterTypeName="executor://nunit3testexecutor/" className="Color_Chan.Discord.Rest.Tests.Extensions.ServiceCollectionExtensionsTests" name="Should_resolve_IDiscordHttpClient" />
    </UnitTest>
    <UnitTest name="Should_resolve_new_client" storage="f:\github\color-chan.discord\tests\color-chan.discord.rest.tests\bin\debug\net8.0\color-chan.discord.rest.tests.dll" id="a898de36-4482-d3e0-b6ec-3351374d0ea2">
      <Execution id="a10edbc2-5aeb-4d66-b8bd-fee950cbf27f" />
      <TestMethod codeBase="F:\Github\Color-Chan.Discord\tests\Color-Chan.Discord.Rest.Tests\bin\Debug\net8.0\Color-Chan.Discord.Rest.Tests.dll" adapterTypeName="executor://nunit3testexecutor/" className="Color_Chan.Discord.Rest.Tests.Extensions.ServiceCollectionExtensionsTests" name="Should_resolve_new_client" />
    </UnitTest>
    <UnitTest name="Should_handle_global_rateLimit(&quot;5678978&quot;,&quot;guilds/324234456568&quot;)" storage="f:\github\color-chan.discord\tests\color-chan.discord.rest.tests\bin\debug\net8.0\color-chan.discord.rest.tests.dll" id="83e5c3cd-a845-57e7-21f0-2faef3351dce">
      <Execution id="f58340bb-6f06-43a7-9b6a-0285b533283f" />
      <TestMethod codeBase="F:\Github\Color-Chan.Discord\tests\Color-Chan.Discord.Rest.Tests\bin\Debug\net8.0\Color-Chan.Discord.Rest.Tests.dll" adapterTypeName="executor://nunit3testexecutor/" className="Color_Chan.Discord.Rest.Tests.Policies.DiscordRateLimitPolicyTests" name="Should_handle_global_rateLimit(&quot;5678978&quot;,&quot;guilds/324234456568&quot;)" />
    </UnitTest>
    <UnitTest name="Should_prevent_rateLimit(&quot;4234234&quot;,&quot;1&quot;,&quot;46.453&quot;,&quot;234.456&quot;,&quot;asdgf3w6sdfgsgxcvb&quot;,&quot;guilds/789567345&quot;,&quot;PUT&quot;)" storage="f:\github\color-chan.discord\tests\color-chan.discord.rest.tests\bin\debug\net8.0\color-chan.discord.rest.tests.dll" id="39a90434-fd84-177a-5e57-b47374dcc1ae">
      <Execution id="515fb616-3426-4717-8034-4622c298aa60" />
      <TestMethod codeBase="F:\Github\Color-Chan.Discord\tests\Color-Chan.Discord.Rest.Tests\bin\Debug\net8.0\Color-Chan.Discord.Rest.Tests.dll" adapterTypeName="executor://nunit3testexecutor/" className="Color_Chan.Discord.Rest.Tests.Policies.DiscordRateLimitPolicyTests" name="Should_prevent_rateLimit(&quot;4234234&quot;,&quot;1&quot;,&quot;46.453&quot;,&quot;234.456&quot;,&quot;asdgf3w6sdfgsgxcvb&quot;,&quot;guilds/789567345&quot;,&quot;PUT&quot;)" />
    </UnitTest>
    <UnitTest name="Should_successfully_pass_global_rateLimit_policy(&quot;645645&quot;,&quot;456&quot;,&quot;7892345.345&quot;,&quot;2345.2&quot;,&quot;abxcvb45y4y3457hkhjljk;cd1234&quot;,&quot;guilds/3245234556567567&quot;,&quot;PUT&quot;)" storage="f:\github\color-chan.discord\tests\color-chan.discord.rest.tests\bin\debug\net8.0\color-chan.discord.rest.tests.dll" id="0acb84e1-793e-d677-755b-996315874fb6">
      <Execution id="d3f32b42-b503-4744-9425-0b034c5c3c5d" />
      <TestMethod codeBase="F:\Github\Color-Chan.Discord\tests\Color-Chan.Discord.Rest.Tests\bin\Debug\net8.0\Color-Chan.Discord.Rest.Tests.dll" adapterTypeName="executor://nunit3testexecutor/" className="Color_Chan.Discord.Rest.Tests.Policies.DiscordRateLimitPolicyTests" name="Should_successfully_pass_global_rateLimit_policy(&quot;645645&quot;,&quot;456&quot;,&quot;7892345.345&quot;,&quot;2345.2&quot;,&quot;abxcvb45y4y3457hkhjljk;cd1234&quot;,&quot;guilds/3245234556567567&quot;,&quot;PUT&quot;)" />
    </UnitTest>
    <UnitTest name="GetMayorParameter_should_return_mayor_params(&quot;guilds/34563456/members/12345/roles/123123&quot;,&quot;34563456&quot;)" storage="f:\github\color-chan.discord\tests\color-chan.discord.rest.tests\bin\debug\net8.0\color-chan.discord.rest.tests.dll" id="b073fba4-88b3-6b04-c6e4-320b5d41cb6d">
      <Execution id="d4b71c94-f0f2-45e6-ab14-edff7e363d3c" />
      <TestMethod codeBase="F:\Github\Color-Chan.Discord\tests\Color-Chan.Discord.Rest.Tests\bin\Debug\net8.0\Color-Chan.Discord.Rest.Tests.dll" adapterTypeName="executor://nunit3testexecutor/" className="Color_Chan.Discord.Rest.Tests.Extensions.StringExtensionsTests" name="GetMayorParameter_should_return_mayor_params(&quot;guilds/34563456/members/12345/roles/123123&quot;,&quot;34563456&quot;)" />
    </UnitTest>
    <UnitTest name="Should_successfully_pass_rateLimit_policy(&quot;645645&quot;,&quot;456&quot;,&quot;7892345.345&quot;,&quot;2345.2&quot;,&quot;abxcvb45y4y3457hkhjljk;cd1234&quot;,&quot;guilds/3245234556567567&quot;,&quot;PUT&quot;)" storage="f:\github\color-chan.discord\tests\color-chan.discord.rest.tests\bin\debug\net8.0\color-chan.discord.rest.tests.dll" id="c3a8aa9c-3eca-2c33-3371-81bb5d9ce468">
      <Execution id="c4cc0069-c271-4ee1-9fed-852e63d41015" />
      <TestMethod codeBase="F:\Github\Color-Chan.Discord\tests\Color-Chan.Discord.Rest.Tests\bin\Debug\net8.0\Color-Chan.Discord.Rest.Tests.dll" adapterTypeName="executor://nunit3testexecutor/" className="Color_Chan.Discord.Rest.Tests.Policies.DiscordRateLimitPolicyTests" name="Should_successfully_pass_rateLimit_policy(&quot;645645&quot;,&quot;456&quot;,&quot;7892345.345&quot;,&quot;2345.2&quot;,&quot;abxcvb45y4y3457hkhjljk;cd1234&quot;,&quot;guilds/3245234556567567&quot;,&quot;PUT&quot;)" />
    </UnitTest>
    <UnitTest name="Should_successfully_pass_rateLimit_policy(&quot;4234234&quot;,&quot;543&quot;,&quot;3456.453&quot;,&quot;234.456&quot;,&quot;asdgf3w6sdfgsgxcvb&quot;,&quot;guilds/6789567456&quot;,&quot;DELETE&quot;)" storage="f:\github\color-chan.discord\tests\color-chan.discord.rest.tests\bin\debug\net8.0\color-chan.discord.rest.tests.dll" id="a7e479b2-7840-83c5-b87e-505370cf20f1">
      <Execution id="496bdab6-55b2-4ac5-a87b-cb0c84134c3e" />
      <TestMethod codeBase="F:\Github\Color-Chan.Discord\tests\Color-Chan.Discord.Rest.Tests\bin\Debug\net8.0\Color-Chan.Discord.Rest.Tests.dll" adapterTypeName="executor://nunit3testexecutor/" className="Color_Chan.Discord.Rest.Tests.Policies.DiscordRateLimitPolicyTests" name="Should_successfully_pass_rateLimit_policy(&quot;4234234&quot;,&quot;543&quot;,&quot;3456.453&quot;,&quot;234.456&quot;,&quot;asdgf3w6sdfgsgxcvb&quot;,&quot;guilds/6789567456&quot;,&quot;DELETE&quot;)" />
    </UnitTest>
    <UnitTest name="Should_successfully_pass_global_rateLimit_policy(&quot;10&quot;,&quot;5&quot;,&quot;1470173023.123&quot;,&quot;64.57&quot;,&quot;abcd1234&quot;,&quot;guilds/898904567567&quot;,&quot;POST&quot;)" storage="f:\github\color-chan.discord\tests\color-chan.discord.rest.tests\bin\debug\net8.0\color-chan.discord.rest.tests.dll" id="7197c886-49c4-fa10-2ffb-c8b662c986ae">
      <Execution id="946b8a1e-60b5-4445-80a7-cf5bd44ac71d" />
      <TestMethod codeBase="F:\Github\Color-Chan.Discord\tests\Color-Chan.Discord.Rest.Tests\bin\Debug\net8.0\Color-Chan.Discord.Rest.Tests.dll" adapterTypeName="executor://nunit3testexecutor/" className="Color_Chan.Discord.Rest.Tests.Policies.DiscordRateLimitPolicyTests" name="Should_successfully_pass_global_rateLimit_policy(&quot;10&quot;,&quot;5&quot;,&quot;1470173023.123&quot;,&quot;64.57&quot;,&quot;abcd1234&quot;,&quot;guilds/898904567567&quot;,&quot;POST&quot;)" />
    </UnitTest>
    <UnitTest name="Should_fail_to_parse_rateLimited_global_request(&quot;567657567&quot;)" storage="f:\github\color-chan.discord\tests\color-chan.discord.rest.tests\bin\debug\net8.0\color-chan.discord.rest.tests.dll" id="f7029141-4d62-4ec8-8636-a4c612ca3731">
      <Execution id="0cdfc5f9-39f9-4380-a84a-9b4f548309a1" />
      <TestMethod codeBase="F:\Github\Color-Chan.Discord\tests\Color-Chan.Discord.Rest.Tests\bin\Debug\net8.0\Color-Chan.Discord.Rest.Tests.dll" adapterTypeName="executor://nunit3testexecutor/" className="Color_Chan.Discord.Rest.Tests.API.DiscordRateLimitBucketTests" name="Should_fail_to_parse_rateLimited_global_request(&quot;567657567&quot;)" />
    </UnitTest>
    <UnitTest name="Should_successfully_pass_rateLimit_policy(&quot;10&quot;,&quot;5&quot;,&quot;1470173023.123&quot;,&quot;64.57&quot;,&quot;abcd1234&quot;,&quot;guilds/898904567567&quot;,&quot;POST&quot;)" storage="f:\github\color-chan.discord\tests\color-chan.discord.rest.tests\bin\debug\net8.0\color-chan.discord.rest.tests.dll" id="ea99cc5e-9148-43c7-c6bd-2cc1ed04c181">
      <Execution id="b0d71ede-a286-44e8-8113-acd6e15f5f4a" />
      <TestMethod codeBase="F:\Github\Color-Chan.Discord\tests\Color-Chan.Discord.Rest.Tests\bin\Debug\net8.0\Color-Chan.Discord.Rest.Tests.dll" adapterTypeName="executor://nunit3testexecutor/" className="Color_Chan.Discord.Rest.Tests.Policies.DiscordRateLimitPolicyTests" name="Should_successfully_pass_rateLimit_policy(&quot;10&quot;,&quot;5&quot;,&quot;1470173023.123&quot;,&quot;64.57&quot;,&quot;abcd1234&quot;,&quot;guilds/898904567567&quot;,&quot;POST&quot;)" />
    </UnitTest>
    <UnitTest name="Should_resolve_IDiscordRestApplication" storage="f:\github\color-chan.discord\tests\color-chan.discord.rest.tests\bin\debug\net8.0\color-chan.discord.rest.tests.dll" id="c31288ab-ea85-ca05-cdf6-e8fd94e7cfc9">
      <Execution id="02bf25a9-f39b-4a1d-9771-e2f78f032fbe" />
      <TestMethod codeBase="F:\Github\Color-Chan.Discord\tests\Color-Chan.Discord.Rest.Tests\bin\Debug\net8.0\Color-Chan.Discord.Rest.Tests.dll" adapterTypeName="executor://nunit3testexecutor/" className="Color_Chan.Discord.Rest.Tests.Extensions.ServiceCollectionExtensionsTests" name="Should_resolve_IDiscordRestApplication" />
    </UnitTest>
    <UnitTest name="GetMayorParameter_should_not_return_mayor_params(&quot;stickers/123456&quot;)" storage="f:\github\color-chan.discord\tests\color-chan.discord.rest.tests\bin\debug\net8.0\color-chan.discord.rest.tests.dll" id="7fd747c0-01ed-47cf-13d1-ba4c7df29d79">
      <Execution id="c14620b4-c24c-47c6-a4bd-cb1de3f99e6e" />
      <TestMethod codeBase="F:\Github\Color-Chan.Discord\tests\Color-Chan.Discord.Rest.Tests\bin\Debug\net8.0\Color-Chan.Discord.Rest.Tests.dll" adapterTypeName="executor://nunit3testexecutor/" className="Color_Chan.Discord.Rest.Tests.Extensions.StringExtensionsTests" name="GetMayorParameter_should_not_return_mayor_params(&quot;stickers/123456&quot;)" />
    </UnitTest>
    <UnitTest name="Should_calculate_permissions(Connect, ChangeNickname,Speak,Connect, Speak, ChangeNickname)" storage="f:\github\color-chan.discord\tests\color-chan.discord.rest.tests\bin\debug\net8.0\color-chan.discord.rest.tests.dll" id="c7e3f8aa-8af5-14e4-6680-e55fd3977827">
      <Execution id="596da269-7f30-49a1-ae23-8517a1f6548b" />
      <TestMethod codeBase="F:\Github\Color-Chan.Discord\tests\Color-Chan.Discord.Rest.Tests\bin\Debug\net8.0\Color-Chan.Discord.Rest.Tests.dll" adapterTypeName="executor://nunit3testexecutor/" className="Color_Chan.Discord.Rest.Tests.Services.Implementations.DiscordPermissionCalculatorTests" name="Should_calculate_permissions(Connect, ChangeNickname,Speak,Connect, Speak, ChangeNickname)" />
    </UnitTest>
    <UnitTest name="Should_fail_to_parse_rateLimited_global_request(&quot;643456&quot;)" storage="f:\github\color-chan.discord\tests\color-chan.discord.rest.tests\bin\debug\net8.0\color-chan.discord.rest.tests.dll" id="22303adc-205b-a5ec-da8a-c4f0042d2bfd">
      <Execution id="909da228-a21d-4f3a-971f-cb58edccc448" />
      <TestMethod codeBase="F:\Github\Color-Chan.Discord\tests\Color-Chan.Discord.Rest.Tests\bin\Debug\net8.0\Color-Chan.Discord.Rest.Tests.dll" adapterTypeName="executor://nunit3testexecutor/" className="Color_Chan.Discord.Rest.Tests.API.DiscordRateLimitBucketTests" name="Should_fail_to_parse_rateLimited_global_request(&quot;643456&quot;)" />
    </UnitTest>
    <UnitTest name="Should_parse_normal_request(&quot;2342343&quot;,&quot;456&quot;,&quot;5456776.678&quot;,&quot;12323.56&quot;,&quot;kgh567dhncvbne4t&quot;)" storage="f:\github\color-chan.discord\tests\color-chan.discord.rest.tests\bin\debug\net8.0\color-chan.discord.rest.tests.dll" id="a0ab237d-a1b8-48a4-1f89-c11eb7bd0e7d">
      <Execution id="90dc4d9c-38dd-483f-9199-85ad310da3fa" />
      <TestMethod codeBase="F:\Github\Color-Chan.Discord\tests\Color-Chan.Discord.Rest.Tests\bin\Debug\net8.0\Color-Chan.Discord.Rest.Tests.dll" adapterTypeName="executor://nunit3testexecutor/" className="Color_Chan.Discord.Rest.Tests.API.DiscordRateLimitBucketTests" name="Should_parse_normal_request(&quot;2342343&quot;,&quot;456&quot;,&quot;5456776.678&quot;,&quot;12323.56&quot;,&quot;kgh567dhncvbne4t&quot;)" />
    </UnitTest>
    <UnitTest name="GetMayorParameter_should_not_return_mayor_params(&quot;users/@me&quot;)" storage="f:\github\color-chan.discord\tests\color-chan.discord.rest.tests\bin\debug\net8.0\color-chan.discord.rest.tests.dll" id="3db2cf26-b6d4-1117-da94-1be08c65993a">
      <Execution id="cae51c45-aca7-4381-8860-02a3573843a7" />
      <TestMethod codeBase="F:\Github\Color-Chan.Discord\tests\Color-Chan.Discord.Rest.Tests\bin\Debug\net8.0\Color-Chan.Discord.Rest.Tests.dll" adapterTypeName="executor://nunit3testexecutor/" className="Color_Chan.Discord.Rest.Tests.Extensions.StringExtensionsTests" name="GetMayorParameter_should_not_return_mayor_params(&quot;users/@me&quot;)" />
    </UnitTest>
    <UnitTest name="Should_parse_normal_request(&quot;234&quot;,&quot;5&quot;,&quot;1626633100&quot;,&quot;64.57&quot;,&quot;asfd4ytvbnt67ig&quot;)" storage="f:\github\color-chan.discord\tests\color-chan.discord.rest.tests\bin\debug\net8.0\color-chan.discord.rest.tests.dll" id="26b0ad7d-8ec5-8c82-5bdc-ac8349ef63a7">
      <Execution id="a444c460-0949-477f-8075-2f03201bb24b" />
      <TestMethod codeBase="F:\Github\Color-Chan.Discord\tests\Color-Chan.Discord.Rest.Tests\bin\Debug\net8.0\Color-Chan.Discord.Rest.Tests.dll" adapterTypeName="executor://nunit3testexecutor/" className="Color_Chan.Discord.Rest.Tests.API.DiscordRateLimitBucketTests" name="Should_parse_normal_request(&quot;234&quot;,&quot;5&quot;,&quot;1626633100&quot;,&quot;64.57&quot;,&quot;asfd4ytvbnt67ig&quot;)" />
    </UnitTest>
    <UnitTest name="Should_prevent_rateLimit(&quot;234&quot;,&quot;1&quot;,&quot;78545.234&quot;,&quot;64.57&quot;,&quot;asfd4ytvbnt67ig&quot;,&quot;guilds/54678568456&quot;,&quot;GET&quot;)" storage="f:\github\color-chan.discord\tests\color-chan.discord.rest.tests\bin\debug\net8.0\color-chan.discord.rest.tests.dll" id="d5aecff4-3d8a-17f8-46a3-345e49393ba1">
      <Execution id="11ea1de9-c4b3-4cca-8d78-29d946d26035" />
      <TestMethod codeBase="F:\Github\Color-Chan.Discord\tests\Color-Chan.Discord.Rest.Tests\bin\Debug\net8.0\Color-Chan.Discord.Rest.Tests.dll" adapterTypeName="executor://nunit3testexecutor/" className="Color_Chan.Discord.Rest.Tests.Policies.DiscordRateLimitPolicyTests" name="Should_prevent_rateLimit(&quot;234&quot;,&quot;1&quot;,&quot;78545.234&quot;,&quot;64.57&quot;,&quot;asfd4ytvbnt67ig&quot;,&quot;guilds/54678568456&quot;,&quot;GET&quot;)" />
    </UnitTest>
    <UnitTest name="Should_resolve_IDiscordRestGuild" storage="f:\github\color-chan.discord\tests\color-chan.discord.rest.tests\bin\debug\net8.0\color-chan.discord.rest.tests.dll" id="b9f2e453-1a60-806a-3d87-c1d0f161a8a0">
      <Execution id="805c9075-96b4-4411-9869-8f7253e50a6c" />
      <TestMethod codeBase="F:\Github\Color-Chan.Discord\tests\Color-Chan.Discord.Rest.Tests\bin\Debug\net8.0\Color-Chan.Discord.Rest.Tests.dll" adapterTypeName="executor://nunit3testexecutor/" className="Color_Chan.Discord.Rest.Tests.Extensions.ServiceCollectionExtensionsTests" name="Should_resolve_IDiscordRestGuild" />
    </UnitTest>
    <UnitTest name="GetMayorParameter_should_return_mayor_params(&quot;channels/23098475/followers&quot;,&quot;23098475&quot;)" storage="f:\github\color-chan.discord\tests\color-chan.discord.rest.tests\bin\debug\net8.0\color-chan.discord.rest.tests.dll" id="c8c05dfb-8725-095d-54af-cfa43a239efc">
      <Execution id="857fc6c0-68c5-4862-839f-f5664439da07" />
      <TestMethod codeBase="F:\Github\Color-Chan.Discord\tests\Color-Chan.Discord.Rest.Tests\bin\Debug\net8.0\Color-Chan.Discord.Rest.Tests.dll" adapterTypeName="executor://nunit3testexecutor/" className="Color_Chan.Discord.Rest.Tests.Extensions.StringExtensionsTests" name="GetMayorParameter_should_return_mayor_params(&quot;channels/23098475/followers&quot;,&quot;23098475&quot;)" />
    </UnitTest>
    <UnitTest name="Should_prevent_rateLimit(&quot;2342343&quot;,&quot;1&quot;,&quot;3456.678&quot;,&quot;12323.56&quot;,&quot;kgh567dhncvbne4t&quot;,&quot;guilds/2345345656786789&quot;,&quot;PATCH&quot;)" storage="f:\github\color-chan.discord\tests\color-chan.discord.rest.tests\bin\debug\net8.0\color-chan.discord.rest.tests.dll" id="8a81b129-02c6-c7e2-5665-dd8db205e083">
      <Execution id="4682c65f-ae46-4f0f-bc04-5802eaf31b95" />
      <TestMethod codeBase="F:\Github\Color-Chan.Discord\tests\Color-Chan.Discord.Rest.Tests\bin\Debug\net8.0\Color-Chan.Discord.Rest.Tests.dll" adapterTypeName="executor://nunit3testexecutor/" className="Color_Chan.Discord.Rest.Tests.Policies.DiscordRateLimitPolicyTests" name="Should_prevent_rateLimit(&quot;2342343&quot;,&quot;1&quot;,&quot;3456.678&quot;,&quot;12323.56&quot;,&quot;kgh567dhncvbne4t&quot;,&quot;guilds/2345345656786789&quot;,&quot;PATCH&quot;)" />
    </UnitTest>
    <UnitTest name="Should_successfully_pass_rateLimit_policy(&quot;2342343&quot;,&quot;456&quot;,&quot;5456776.678&quot;,&quot;12323.56&quot;,&quot;kgh567dhncvbne4t&quot;,&quot;guilds/45674235345&quot;,&quot;DELETE&quot;)" storage="f:\github\color-chan.discord\tests\color-chan.discord.rest.tests\bin\debug\net8.0\color-chan.discord.rest.tests.dll" id="f4fc0333-af50-69e4-6402-9f108a2a6f9a">
      <Execution id="99b189a7-d169-4111-9a64-b7977df4593c" />
      <TestMethod codeBase="F:\Github\Color-Chan.Discord\tests\Color-Chan.Discord.Rest.Tests\bin\Debug\net8.0\Color-Chan.Discord.Rest.Tests.dll" adapterTypeName="executor://nunit3testexecutor/" className="Color_Chan.Discord.Rest.Tests.Policies.DiscordRateLimitPolicyTests" name="Should_successfully_pass_rateLimit_policy(&quot;2342343&quot;,&quot;456&quot;,&quot;5456776.678&quot;,&quot;12323.56&quot;,&quot;kgh567dhncvbne4t&quot;,&quot;guilds/45674235345&quot;,&quot;DELETE&quot;)" />
    </UnitTest>
    <UnitTest name="Should_handle_global_rateLimit(&quot;3456&quot;,&quot;guilds/8678567434&quot;)" storage="f:\github\color-chan.discord\tests\color-chan.discord.rest.tests\bin\debug\net8.0\color-chan.discord.rest.tests.dll" id="79bd0389-22b8-6b04-bdec-ced1569fe3c7">
      <Execution id="410eb871-b865-436b-bfa2-11963d4b9bf5" />
      <TestMethod codeBase="F:\Github\Color-Chan.Discord\tests\Color-Chan.Discord.Rest.Tests\bin\Debug\net8.0\Color-Chan.Discord.Rest.Tests.dll" adapterTypeName="executor://nunit3testexecutor/" className="Color_Chan.Discord.Rest.Tests.Policies.DiscordRateLimitPolicyTests" name="Should_handle_global_rateLimit(&quot;3456&quot;,&quot;guilds/8678567434&quot;)" />
    </UnitTest>
    <UnitTest name="Should_fail_to_parse_successful_global_request" storage="f:\github\color-chan.discord\tests\color-chan.discord.rest.tests\bin\debug\net8.0\color-chan.discord.rest.tests.dll" id="312f43e5-279e-d069-c3a7-80e9046897ec">
      <Execution id="98d21af2-cad7-49a7-a173-6bd4900da1b2" />
      <TestMethod codeBase="F:\Github\Color-Chan.Discord\tests\Color-Chan.Discord.Rest.Tests\bin\Debug\net8.0\Color-Chan.Discord.Rest.Tests.dll" adapterTypeName="executor://nunit3testexecutor/" className="Color_Chan.Discord.Rest.Tests.API.DiscordRateLimitBucketTests" name="Should_fail_to_parse_successful_global_request" />
    </UnitTest>
  </TestDefinitions>
  <TestEntries>
    <TestEntry testId="39a90434-fd84-177a-5e57-b47374dcc1ae" executionId="515fb616-3426-4717-8034-4622c298aa60" testListId="8c84fa94-04c1-424b-9868-57a2d4851a1d" />
    <TestEntry testId="b0e1d822-906a-3f32-3b89-536813223ce2" executionId="284b8166-978a-4fae-812b-3cd66c2ce260" testListId="8c84fa94-04c1-424b-9868-57a2d4851a1d" />
    <TestEntry testId="439cb4f3-44be-2183-8937-874cbe0364b9" executionId="05a4bd3a-974d-44e4-bffc-fa0f5e3e86f5" testListId="8c84fa94-04c1-424b-9868-57a2d4851a1d" />
    <TestEntry testId="71f4f2b9-241e-dcdc-7475-832e35356d07" executionId="78204942-dfd3-455e-ac93-56b66acd6b2e" testListId="8c84fa94-04c1-424b-9868-57a2d4851a1d" />
    <TestEntry testId="4c5d80a4-683e-eaf9-e7ed-079877a51b66" executionId="033a7e9d-2c58-4253-bfbb-899984b47e64" testListId="8c84fa94-04c1-424b-9868-57a2d4851a1d" />
    <TestEntry testId="c31288ab-ea85-ca05-cdf6-e8fd94e7cfc9" executionId="02bf25a9-f39b-4a1d-9771-e2f78f032fbe" testListId="8c84fa94-04c1-424b-9868-57a2d4851a1d" />
    <TestEntry testId="45152e00-536f-8b78-c224-99f2d4d9779a" executionId="c5fb9612-4442-413b-8c86-0131c7a6db18" testListId="8c84fa94-04c1-424b-9868-57a2d4851a1d" />
    <TestEntry testId="8a81b129-02c6-c7e2-5665-dd8db205e083" executionId="4682c65f-ae46-4f0f-bc04-5802eaf31b95" testListId="8c84fa94-04c1-424b-9868-57a2d4851a1d" />
    <TestEntry testId="ea99cc5e-9148-43c7-c6bd-2cc1ed04c181" executionId="b0d71ede-a286-44e8-8113-acd6e15f5f4a" testListId="8c84fa94-04c1-424b-9868-57a2d4851a1d" />
    <TestEntry testId="b8bac4eb-2fe3-6ca2-0808-3914eee99b1e" executionId="875ced89-ec99-49cd-bba2-9abdb98b978a" testListId="8c84fa94-04c1-424b-9868-57a2d4851a1d" />
    <TestEntry testId="f7029141-4d62-4ec8-8636-a4c612ca3731" executionId="0cdfc5f9-39f9-4380-a84a-9b4f548309a1" testListId="8c84fa94-04c1-424b-9868-57a2d4851a1d" />
    <TestEntry testId="520b288c-908a-1d4a-c10a-113a9ac277b7" executionId="24f36919-3ced-4328-80d6-1d16cc4af8dd" testListId="8c84fa94-04c1-424b-9868-57a2d4851a1d" />
    <TestEntry testId="79bd0389-22b8-6b04-bdec-ced1569fe3c7" executionId="410eb871-b865-436b-bfa2-11963d4b9bf5" testListId="8c84fa94-04c1-424b-9868-57a2d4851a1d" />
    <TestEntry testId="0acb84e1-793e-d677-755b-996315874fb6" executionId="d3f32b42-b503-4744-9425-0b034c5c3c5d" testListId="8c84fa94-04c1-424b-9868-57a2d4851a1d" />
    <TestEntry testId="fb1794e5-1b3b-8458-dde7-04d2d042a14a" executionId="42e378f1-3ce8-4e14-86e4-d90b76ae704a" testListId="8c84fa94-04c1-424b-9868-57a2d4851a1d" />
    <TestEntry testId="733bbd14-bd85-4db5-226a-413663a7d4ea" executionId="e01cd6cc-9339-4423-900d-42807b13a9b2" testListId="8c84fa94-04c1-424b-9868-57a2d4851a1d" />
    <TestEntry testId="6917e932-9647-549b-b5bd-92a93b4115c4" executionId="3ac97f3d-79df-4ead-9ee2-525aaf0f7759" testListId="8c84fa94-04c1-424b-9868-57a2d4851a1d" />
    <TestEntry testId="d544e051-1d3a-c5c8-065d-372d7ab15076" executionId="34b4d8b4-37b8-4e76-9ff3-e8b22a17749b" testListId="8c84fa94-04c1-424b-9868-57a2d4851a1d" />
    <TestEntry testId="22303adc-205b-a5ec-da8a-c4f0042d2bfd" executionId="909da228-a21d-4f3a-971f-cb58edccc448" testListId="8c84fa94-04c1-424b-9868-57a2d4851a1d" />
    <TestEntry testId="b04960f3-5a7c-538b-1b13-1e4bd7cff677" executionId="9f353b2e-3fd8-476e-9d11-28fd6f59cbc7" testListId="8c84fa94-04c1-424b-9868-57a2d4851a1d" />
    <TestEntry testId="c8c05dfb-8725-095d-54af-cfa43a239efc" executionId="857fc6c0-68c5-4862-839f-f5664439da07" testListId="8c84fa94-04c1-424b-9868-57a2d4851a1d" />
    <TestEntry testId="b9f2e453-1a60-806a-3d87-c1d0f161a8a0" executionId="805c9075-96b4-4411-9869-8f7253e50a6c" testListId="8c84fa94-04c1-424b-9868-57a2d4851a1d" />
    <TestEntry testId="7fd747c0-01ed-47cf-13d1-ba4c7df29d79" executionId="ed8baf69-4b35-4a4a-b55a-64b31b91f4c2" testListId="8c84fa94-04c1-424b-9868-57a2d4851a1d" />
    <TestEntry testId="f4fc0333-af50-69e4-6402-9f108a2a6f9a" executionId="99b189a7-d169-4111-9a64-b7977df4593c" testListId="8c84fa94-04c1-424b-9868-57a2d4851a1d" />
    <TestEntry testId="1417390a-ed2a-56ec-76d6-d577cde568cf" executionId="b4c8cfd2-3ef6-419c-b8dd-af3492f429c7" testListId="8c84fa94-04c1-424b-9868-57a2d4851a1d" />
    <TestEntry testId="8d73dff6-3609-c81c-fe81-14e2f09b6d14" executionId="ad244ba7-6455-4c3c-963c-11f51b1ac31b" testListId="8c84fa94-04c1-424b-9868-57a2d4851a1d" />
    <TestEntry testId="122382e2-5a80-6e99-3207-a6f9baf7890f" executionId="c07b94bc-f8c7-4bde-be1e-d7eaba17ce9c" testListId="8c84fa94-04c1-424b-9868-57a2d4851a1d" />
    <TestEntry testId="71b19ce3-fac6-89c4-1762-e274d8c29fed" executionId="026fed52-2236-40e9-b7ff-b2ddd89c736a" testListId="8c84fa94-04c1-424b-9868-57a2d4851a1d" />
    <TestEntry testId="f65e3123-57f4-7346-23de-f4f37d7f6ab1" executionId="9b4536f7-516f-41ba-9b7a-ec477aa42ecb" testListId="8c84fa94-04c1-424b-9868-57a2d4851a1d" />
    <TestEntry testId="312f43e5-279e-d069-c3a7-80e9046897ec" executionId="98d21af2-cad7-49a7-a173-6bd4900da1b2" testListId="8c84fa94-04c1-424b-9868-57a2d4851a1d" />
    <TestEntry testId="3db2cf26-b6d4-1117-da94-1be08c65993a" executionId="cae51c45-aca7-4381-8860-02a3573843a7" testListId="8c84fa94-04c1-424b-9868-57a2d4851a1d" />
    <TestEntry testId="a0ab237d-a1b8-48a4-1f89-c11eb7bd0e7d" executionId="90dc4d9c-38dd-483f-9199-85ad310da3fa" testListId="8c84fa94-04c1-424b-9868-57a2d4851a1d" />
    <TestEntry testId="b073fba4-88b3-6b04-c6e4-320b5d41cb6d" executionId="d4b71c94-f0f2-45e6-ab14-edff7e363d3c" testListId="8c84fa94-04c1-424b-9868-57a2d4851a1d" />
    <TestEntry testId="7197c886-49c4-fa10-2ffb-c8b662c986ae" executionId="946b8a1e-60b5-4445-80a7-cf5bd44ac71d" testListId="8c84fa94-04c1-424b-9868-57a2d4851a1d" />
    <TestEntry testId="e59774a4-a400-a7f7-f4d8-459b716db211" executionId="45c9964c-c83a-4e56-a5b7-2c116a62ad86" testListId="8c84fa94-04c1-424b-9868-57a2d4851a1d" />
    <TestEntry testId="1508c4ec-093e-ff00-b63a-f640bf8d41f2" executionId="d5a995ef-30f3-42a6-9f12-9b5a1be351bb" testListId="8c84fa94-04c1-424b-9868-57a2d4851a1d" />
    <TestEntry testId="83e5c3cd-a845-57e7-21f0-2faef3351dce" executionId="f58340bb-6f06-43a7-9b6a-0285b533283f" testListId="8c84fa94-04c1-424b-9868-57a2d4851a1d" />
    <TestEntry testId="d5aecff4-3d8a-17f8-46a3-345e49393ba1" executionId="11ea1de9-c4b3-4cca-8d78-29d946d26035" testListId="8c84fa94-04c1-424b-9868-57a2d4851a1d" />
    <TestEntry testId="8f787d31-4119-a112-64e8-5dab5b4e56e2" executionId="5d7e4d62-5f43-40d5-bf6c-586a5214dec3" testListId="8c84fa94-04c1-424b-9868-57a2d4851a1d" />
    <TestEntry testId="c7e3f8aa-8af5-14e4-6680-e55fd3977827" executionId="596da269-7f30-49a1-ae23-8517a1f6548b" testListId="8c84fa94-04c1-424b-9868-57a2d4851a1d" />
    <TestEntry testId="26b0ad7d-8ec5-8c82-5bdc-ac8349ef63a7" executionId="a444c460-0949-477f-8075-2f03201bb24b" testListId="8c84fa94-04c1-424b-9868-57a2d4851a1d" />
    <TestEntry testId="2ade0237-99d3-fdd0-0b0f-dfa66b63b680" executionId="2e85caf1-d092-409c-a6a0-441d07e7ff4e" testListId="8c84fa94-04c1-424b-9868-57a2d4851a1d" />
    <TestEntry testId="229912ae-2bff-d746-0058-a2ada95f0570" executionId="c6c9bd09-aeb1-4569-b345-3f24b9cc2b07" testListId="8c84fa94-04c1-424b-9868-57a2d4851a1d" />
    <TestEntry testId="39b4d3b6-774e-4ae5-2a1d-a92e1d760fde" executionId="f564ede9-9bee-49e2-9c87-de71e48cf767" testListId="8c84fa94-04c1-424b-9868-57a2d4851a1d" />
    <TestEntry testId="c3a8aa9c-3eca-2c33-3371-81bb5d9ce468" executionId="c4cc0069-c271-4ee1-9fed-852e63d41015" testListId="8c84fa94-04c1-424b-9868-57a2d4851a1d" />
    <TestEntry testId="706385b4-4aaa-6979-aeb9-3c113c75dfb7" executionId="d52aa9a6-d750-4f9b-8d15-ede6baab4ee9" testListId="8c84fa94-04c1-424b-9868-57a2d4851a1d" />
    <TestEntry testId="0d00b97a-6ff8-b55a-40b9-2d6964b79d7d" executionId="2d4fdcbd-1559-4d19-ad37-17967f5cd6f6" testListId="8c84fa94-04c1-424b-9868-57a2d4851a1d" />
    <TestEntry testId="a7e479b2-7840-83c5-b87e-505370cf20f1" executionId="496bdab6-55b2-4ac5-a87b-cb0c84134c3e" testListId="8c84fa94-04c1-424b-9868-57a2d4851a1d" />
    <TestEntry testId="a898de36-4482-d3e0-b6ec-3351374d0ea2" executionId="a10edbc2-5aeb-4d66-b8bd-fee950cbf27f" testListId="8c84fa94-04c1-424b-9868-57a2d4851a1d" />
    <TestEntry testId="7fd747c0-01ed-47cf-13d1-ba4c7df29d79" executionId="c14620b4-c24c-47c6-a4bd-cb1de3f99e6e" testListId="8c84fa94-04c1-424b-9868-57a2d4851a1d" />
  </TestEntries>
  <TestLists>
    <TestList name="Results Not in a List" id="8c84fa94-04c1-424b-9868-57a2d4851a1d" />
    <TestList name="All Loaded Results" id="19431567-8539-422a-85d7-44ee4e166bda" />
  </TestLists>
  <ResultSummary outcome="Completed">
    <Counters total="50" executed="50" passed="50" failed="0" error="0" timeout="0" aborted="0" inconclusive="0" passedButRunAborted="0" notRunnable="0" notExecuted="0" disconnected="0" warning="0" completed="0" inProgress="0" pending="0" />
    <Output>
      <StdOut>NUnit Adapter 4.6.0.0: Test execution started&#xD;
Running all tests in F:\Github\Color-Chan.Discord\tests\Color-Chan.Discord.Rest.Tests\bin\Debug\net8.0\Color-Chan.Discord.Rest.Tests.dll&#xD;
   NUnit3TestExecutor discovered 50 of 50 NUnit test cases using Current Discovery mode, Non-Explicit run&#xD;
NUnit Adapter 4.6.0.0: Test execution complete&#xD;
</StdOut>
    </Output>
  </ResultSummary>
</TestRun>